<html>
<body>
<pre>
<h1>µVision Build Log</h1>
<h2>Tool Versions:</h2>
IDE-Version: µVision V5.20.0.0
Copyright (C) 2016 ARM Ltd and ARM Germany GmbH. All rights reserved.
License Information: weifeng dq, zzu, LIC=0VR56-D3111-AUL4J-U19YR-7BGKI-ZGE50
 
Tool Versions:
Toolchain:       MDK-ARM Professional  Version: 5.20
Toolchain Path:  C:\Keil_v5\ARM\ARMCC\Bin
C Compiler:      Armcc.exe V5.06 update 2 (build 183)
Assembler:       Armasm.exe V5.06 update 2 (build 183)
Linker/Locator:  ArmLink.exe V5.06 update 2 (build 183)
Library Manager: ArmAr.exe V5.06 update 2 (build 183)
Hex Converter:   FromElf.exe V5.06 update 2 (build 183)
CPU DLL:         SARMCM3.DLL V5.20
Dialog DLL:      DARMCM1.DLL V1.14.0.0
Target DLL:      Segger\JL2CM3.dll V2.99.20.0
Dialog DLL:      TARMCM1.DLL V1.10.0.0
 
<h2>Project:</h2>
C:\Users\weifengdq\Desktop\Program\BLDC\MDK-ARM\BLDC.uvprojx
Project File Date:  12/09/2016

<h2>Output:</h2>
*** Using Compiler 'V5.06 update 2 (build 183)', folder: 'C:\Keil_v5\ARM\ARMCC\Bin'
Rebuild target 'BLDC'
assembling startup_stm32f030x6.s...
compiling stm32f0xx_hal_pwr_ex.c...
compiling stm32f0xx_hal_rcc_ex.c...
compiling stm32f0xx_hal_flash_ex.c...
compiling stm32f0xx_hal.c...
compiling stm32f0xx_hal_i2c_ex.c...
compiling system_stm32f0xx.c...
compiling stm32f0xx_hal_dma.c...
compiling stm32f0xx_hal_cortex.c...
compiling stm32f0xx_hal_uart_ex.c...
compiling stm32f0xx_hal_tim_ex.c...
compiling stm32f0xx_hal_pwr.c...
compiling stm32f0xx_hal_rcc.c...
compiling stm32f0xx_hal_gpio.c...
compiling stm32f0xx_hal_flash.c...
compiling stm32f0xx_hal_i2c.c...
compiling stm32f0xx_hal_adc_ex.c...
compiling stm32f0xx_it.c...
compiling stm32f0xx_hal_uart.c...
compiling stm32f0xx_hal_adc.c...
compiling stm32f0xx_hal_tim.c...
compiling main.c...
compiling gpio.c...
compiling usart.c...
compiling stm32f0xx_hal_msp.c...
compiling dma.c...
compiling adc.c...
compiling oled.c...
compiling tim.c...
linking...
Program Size: Code=14452 RO-data=1760 RW-data=20 ZI-data=1796  
"BLDC\BLDC.axf" - 0 Error(s), 0 Warning(s).

<h2>Software Packages used:</h2>

Package Vendor: ARM
                http://www.keil.com/pack/ARM.CMSIS.4.5.0.pack
                ARM::CMSIS:CORE:4.3.0
                CMSIS (Cortex Microcontroller Software Interface Standard)
   * Component: CORE Version: 4.3.0

<h2>Collection of Component include folders:</h2>
  C:\Users\weifengdq\Desktop\Program\BLDC\MDK-ARM\RTE
  C:\Keil_v5\ARM\PACK\ARM\CMSIS\4.5.0\CMSIS\Include
  C:\Keil_v5\ARM\PACK\Keil\STM32F0xx_DFP\1.5.0\Device\Include

<h2>Collection of Component Files used:</h2>

   * Component: ARM::CMSIS:CORE:4.3.0
Build Time Elapsed:  00:00:05
</pre>
</body>
</html>
