Component: ARM Compiler 5.06 update 2 (build 183) Tool: armlink [4d35b7]

==============================================================================

Section Cross References

    startup_stm32f030x6.o(RESET) refers to startup_stm32f030x6.o(STACK) for __initial_sp
    startup_stm32f030x6.o(RESET) refers to startup_stm32f030x6.o(.text) for Reset_Handler
    startup_stm32f030x6.o(RESET) refers to stm32f0xx_it.o(i.NMI_Handler) for NMI_Handler
    startup_stm32f030x6.o(RESET) refers to stm32f0xx_it.o(i.HardFault_Handler) for HardFault_Handler
    startup_stm32f030x6.o(RESET) refers to stm32f0xx_it.o(i.SVC_Handler) for SVC_Handler
    startup_stm32f030x6.o(RESET) refers to stm32f0xx_it.o(i.PendSV_Handler) for PendSV_Handler
    startup_stm32f030x6.o(RESET) refers to stm32f0xx_it.o(i.SysTick_Handler) for SysTick_Handler
    startup_stm32f030x6.o(RESET) refers to stm32f0xx_it.o(i.DMA1_Channel1_IRQHandler) for DMA1_Channel1_IRQHandler
    startup_stm32f030x6.o(RESET) refers to stm32f0xx_it.o(i.TIM3_IRQHandler) for TIM3_IRQHandler
    startup_stm32f030x6.o(.text) refers to system_stm32f0xx.o(i.SystemInit) for SystemInit
    startup_stm32f030x6.o(.text) refers to entry.o(.ARM.Collect$$$$00000000) for __main
    system_stm32f0xx.o(i.SystemCoreClockUpdate) refers to uidiv.o(.text) for __aeabi_uidivmod
    system_stm32f0xx.o(i.SystemCoreClockUpdate) refers to system_stm32f0xx.o(.data) for .data
    system_stm32f0xx.o(i.SystemCoreClockUpdate) refers to system_stm32f0xx.o(.constdata) for .constdata
    stm32f0xx_hal_dma.o(i.HAL_DMA_Abort) refers to stm32f0xx_hal.o(i.HAL_GetTick) for HAL_GetTick
    stm32f0xx_hal_dma.o(i.HAL_DMA_PollForTransfer) refers to stm32f0xx_hal.o(i.HAL_GetTick) for HAL_GetTick
    stm32f0xx_hal_dma.o(i.HAL_DMA_Start) refers to stm32f0xx_hal_dma.o(i.DMA_SetConfig) for DMA_SetConfig
    stm32f0xx_hal_dma.o(i.HAL_DMA_Start_IT) refers to stm32f0xx_hal_dma.o(i.DMA_SetConfig) for DMA_SetConfig
    stm32f0xx_hal_flash_ex.o(i.FLASH_MassErase) refers to stm32f0xx_hal_flash.o(.bss) for pFlash
    stm32f0xx_hal_flash_ex.o(i.FLASH_OB_RDP_LevelConfig) refers to stm32f0xx_hal_flash.o(i.FLASH_WaitForLastOperation) for FLASH_WaitForLastOperation
    stm32f0xx_hal_flash_ex.o(i.FLASH_OB_RDP_LevelConfig) refers to stm32f0xx_hal_flash.o(.bss) for pFlash
    stm32f0xx_hal_flash_ex.o(i.FLASH_PageErase) refers to stm32f0xx_hal_flash.o(.bss) for pFlash
    stm32f0xx_hal_flash_ex.o(i.HAL_FLASHEx_Erase) refers to stm32f0xx_hal_flash.o(i.FLASH_WaitForLastOperation) for FLASH_WaitForLastOperation
    stm32f0xx_hal_flash_ex.o(i.HAL_FLASHEx_Erase) refers to stm32f0xx_hal_flash_ex.o(i.FLASH_MassErase) for FLASH_MassErase
    stm32f0xx_hal_flash_ex.o(i.HAL_FLASHEx_Erase) refers to stm32f0xx_hal_flash_ex.o(i.FLASH_PageErase) for FLASH_PageErase
    stm32f0xx_hal_flash_ex.o(i.HAL_FLASHEx_Erase) refers to stm32f0xx_hal_flash.o(.bss) for pFlash
    stm32f0xx_hal_flash_ex.o(i.HAL_FLASHEx_Erase_IT) refers to stm32f0xx_hal_flash_ex.o(i.FLASH_PageErase) for FLASH_PageErase
    stm32f0xx_hal_flash_ex.o(i.HAL_FLASHEx_Erase_IT) refers to stm32f0xx_hal_flash_ex.o(i.FLASH_MassErase) for FLASH_MassErase
    stm32f0xx_hal_flash_ex.o(i.HAL_FLASHEx_Erase_IT) refers to stm32f0xx_hal_flash.o(.bss) for pFlash
    stm32f0xx_hal_flash_ex.o(i.HAL_FLASHEx_OBErase) refers to stm32f0xx_hal_flash_ex.o(i.FLASH_OB_GetRDP) for FLASH_OB_GetRDP
    stm32f0xx_hal_flash_ex.o(i.HAL_FLASHEx_OBErase) refers to stm32f0xx_hal_flash.o(i.FLASH_WaitForLastOperation) for FLASH_WaitForLastOperation
    stm32f0xx_hal_flash_ex.o(i.HAL_FLASHEx_OBErase) refers to stm32f0xx_hal_flash_ex.o(i.FLASH_OB_RDP_LevelConfig) for FLASH_OB_RDP_LevelConfig
    stm32f0xx_hal_flash_ex.o(i.HAL_FLASHEx_OBErase) refers to stm32f0xx_hal_flash.o(.bss) for pFlash
    stm32f0xx_hal_flash_ex.o(i.HAL_FLASHEx_OBGetConfig) refers to stm32f0xx_hal_flash_ex.o(i.FLASH_OB_GetRDP) for FLASH_OB_GetRDP
    stm32f0xx_hal_flash_ex.o(i.HAL_FLASHEx_OBProgram) refers to stm32f0xx_hal_flash.o(i.FLASH_WaitForLastOperation) for FLASH_WaitForLastOperation
    stm32f0xx_hal_flash_ex.o(i.HAL_FLASHEx_OBProgram) refers to stm32f0xx_hal_flash_ex.o(i.HAL_FLASHEx_OBErase) for HAL_FLASHEx_OBErase
    stm32f0xx_hal_flash_ex.o(i.HAL_FLASHEx_OBProgram) refers to stm32f0xx_hal_flash_ex.o(i.FLASH_OB_RDP_LevelConfig) for FLASH_OB_RDP_LevelConfig
    stm32f0xx_hal_flash_ex.o(i.HAL_FLASHEx_OBProgram) refers to stm32f0xx_hal_flash.o(.bss) for pFlash
    stm32f0xx_hal.o(i.HAL_DeInit) refers to stm32f0xx_hal.o(i.HAL_MspDeInit) for HAL_MspDeInit
    stm32f0xx_hal.o(i.HAL_Delay) refers to stm32f0xx_hal.o(i.HAL_GetTick) for HAL_GetTick
    stm32f0xx_hal.o(i.HAL_GetTick) refers to stm32f0xx_hal.o(.data) for .data
    stm32f0xx_hal.o(i.HAL_IncTick) refers to stm32f0xx_hal.o(.data) for .data
    stm32f0xx_hal.o(i.HAL_Init) refers to stm32f0xx_hal.o(i.HAL_InitTick) for HAL_InitTick
    stm32f0xx_hal.o(i.HAL_Init) refers to stm32f0xx_hal_msp.o(i.HAL_MspInit) for HAL_MspInit
[...]
    Removing stm32f0xx_hal_i2c.o(i.HAL_I2C_MemRxCpltCallback), (2 bytes).
    Removing stm32f0xx_hal_i2c.o(i.HAL_I2C_MemTxCpltCallback), (2 bytes).
    Removing stm32f0xx_hal_i2c.o(i.HAL_I2C_Mem_Read), (344 bytes).
    Removing stm32f0xx_hal_i2c.o(i.HAL_I2C_Mem_Read_DMA), (248 bytes).
    Removing stm32f0xx_hal_i2c.o(i.HAL_I2C_Mem_Read_IT), (188 bytes).
    Removing stm32f0xx_hal_i2c.o(i.HAL_I2C_Mem_Write), (340 bytes).
    Removing stm32f0xx_hal_i2c.o(i.HAL_I2C_Mem_Write_DMA), (244 bytes).
    Removing stm32f0xx_hal_i2c.o(i.HAL_I2C_Mem_Write_IT), (184 bytes).
    Removing stm32f0xx_hal_i2c.o(i.HAL_I2C_MspDeInit), (2 bytes).
    Removing stm32f0xx_hal_i2c.o(i.HAL_I2C_MspInit), (2 bytes).
    Removing stm32f0xx_hal_i2c.o(i.HAL_I2C_SlaveRxCpltCallback), (2 bytes).
    Removing stm32f0xx_hal_i2c.o(i.HAL_I2C_SlaveTxCpltCallback), (2 bytes).
    Removing stm32f0xx_hal_i2c.o(i.HAL_I2C_Slave_Receive), (292 bytes).
    Removing stm32f0xx_hal_i2c.o(i.HAL_I2C_Slave_Receive_DMA), (156 bytes).
    Removing stm32f0xx_hal_i2c.o(i.HAL_I2C_Slave_Receive_IT), (88 bytes).
    Removing stm32f0xx_hal_i2c.o(i.HAL_I2C_Slave_Sequential_Receive_IT), (128 bytes).
    Removing stm32f0xx_hal_i2c.o(i.HAL_I2C_Slave_Sequential_Transmit_IT), (128 bytes).
    Removing stm32f0xx_hal_i2c.o(i.HAL_I2C_Slave_Transmit), (300 bytes).
    Removing stm32f0xx_hal_i2c.o(i.HAL_I2C_Slave_Transmit_DMA), (156 bytes).
    Removing stm32f0xx_hal_i2c.o(i.HAL_I2C_Slave_Transmit_IT), (88 bytes).
    Removing stm32f0xx_hal_i2c.o(i.I2C_DMAAbort), (52 bytes).
    Removing stm32f0xx_hal_i2c.o(i.I2C_DMAError), (24 bytes).
    Removing stm32f0xx_hal_i2c.o(i.I2C_DMAMasterReceiveCplt), (68 bytes).
    Removing stm32f0xx_hal_i2c.o(i.I2C_DMAMasterTransmitCplt), (68 bytes).
    Removing stm32f0xx_hal_i2c.o(i.I2C_DMASlaveReceiveCplt), (2 bytes).
    Removing stm32f0xx_hal_i2c.o(i.I2C_DMASlaveTransmitCplt), (2 bytes).
    Removing stm32f0xx_hal_i2c.o(i.I2C_Disable_IRQ), (86 bytes).
    Removing stm32f0xx_hal_i2c.o(i.I2C_Enable_IRQ), (100 bytes).
    Removing stm32f0xx_hal_i2c.o(i.I2C_Flush_TXDR), (34 bytes).
    Removing stm32f0xx_hal_i2c.o(i.I2C_ITAddrCplt), (122 bytes).
    Removing stm32f0xx_hal_i2c.o(i.I2C_ITError), (204 bytes).
    Removing stm32f0xx_hal_i2c.o(i.I2C_ITListenCplt), (96 bytes).
    Removing stm32f0xx_hal_i2c.o(i.I2C_ITMasterCplt), (160 bytes).
    Removing stm32f0xx_hal_i2c.o(i.I2C_ITMasterSequentialCplt), (70 bytes).
    Removing stm32f0xx_hal_i2c.o(i.I2C_ITSlaveCplt), (232 bytes).
    Removing stm32f0xx_hal_i2c.o(i.I2C_ITSlaveSequentialCplt), (74 bytes).
    Removing stm32f0xx_hal_i2c.o(i.I2C_IsAcknowledgeFailed), (116 bytes).
    Removing stm32f0xx_hal_i2c.o(i.I2C_Master_ISR_DMA), (194 bytes).
    Removing stm32f0xx_hal_i2c.o(i.I2C_Master_ISR_IT), (296 bytes).
    Removing stm32f0xx_hal_i2c.o(i.I2C_RequestMemoryRead), (106 bytes).
    Removing stm32f0xx_hal_i2c.o(i.I2C_RequestMemoryWrite), (106 bytes).
    Removing stm32f0xx_hal_i2c.o(i.I2C_Slave_ISR_DMA), (104 bytes).
    Removing stm32f0xx_hal_i2c.o(i.I2C_Slave_ISR_IT), (280 bytes).
    Removing stm32f0xx_hal_i2c.o(i.I2C_TransferConfig), (36 bytes).
    Removing stm32f0xx_hal_i2c.o(i.I2C_WaitOnFlagUntilTimeout), (72 bytes).
    Removing stm32f0xx_hal_i2c.o(i.I2C_WaitOnRXNEFlagUntilTimeout), (120 bytes).
    Removing stm32f0xx_hal_i2c.o(i.I2C_WaitOnSTOPFlagUntilTimeout), (78 bytes).
    Removing stm32f0xx_hal_i2c.o(i.I2C_WaitOnTXISFlagUntilTimeout), (82 bytes).
    Removing stm32f0xx_hal_gpio.o(.rev16_text), (4 bytes).
    Removing stm32f0xx_hal_gpio.o(.revsh_text), (4 bytes).
    Removing stm32f0xx_hal_gpio.o(i.HAL_GPIO_DeInit), (212 bytes).
    Removing stm32f0xx_hal_gpio.o(i.HAL_GPIO_EXTI_Callback), (2 bytes).
    Removing stm32f0xx_hal_gpio.o(i.HAL_GPIO_EXTI_IRQHandler), (24 bytes).
    Removing stm32f0xx_hal_gpio.o(i.HAL_GPIO_LockPin), (36 bytes).
    Removing stm32f0xx_hal_gpio.o(i.HAL_GPIO_ReadPin), (10 bytes).
    Removing stm32f0xx_hal_gpio.o(i.HAL_GPIO_TogglePin), (8 bytes).
    Removing stm32f0xx_hal_tim.o(.rev16_text), (4 bytes).
    Removing stm32f0xx_hal_tim.o(.revsh_text), (4 bytes).
    Removing stm32f0xx_hal_tim.o(i.HAL_TIM_Base_DeInit), (52 bytes).
    Removing stm32f0xx_hal_tim.o(i.HAL_TIM_Base_GetState), (6 bytes).
    Removing stm32f0xx_hal_tim.o(i.HAL_TIM_Base_MspDeInit), (2 bytes).
    Removing stm32f0xx_hal_tim.o(i.HAL_TIM_Base_MspInit), (2 bytes).
    Removing stm32f0xx_hal_tim.o(i.HAL_TIM_Base_Start), (24 bytes).
    Removing stm32f0xx_hal_tim.o(i.HAL_TIM_Base_Start_DMA), (100 bytes).
    Removing stm32f0xx_hal_tim.o(i.HAL_TIM_Base_Start_IT), (22 bytes).
    Removing stm32f0xx_hal_tim.o(i.HAL_TIM_Base_Stop), (48 bytes).
    Removing stm32f0xx_hal_tim.o(i.HAL_TIM_Base_Stop_DMA), (52 bytes).
    Removing stm32f0xx_hal_tim.o(i.HAL_TIM_Base_Stop_IT), (44 bytes).
    Removing stm32f0xx_hal_tim.o(i.HAL_TIM_ConfigOCrefClear), (188 bytes).
    Removing stm32f0xx_hal_tim.o(i.HAL_TIM_ConfigTI1Input), (16 bytes).
    Removing stm32f0xx_hal_tim.o(i.HAL_TIM_DMABurst_ReadStart), (268 bytes).
    Removing stm32f0xx_hal_tim.o(i.HAL_TIM_DMABurst_ReadStop), (100 bytes).
    Removing stm32f0xx_hal_tim.o(i.HAL_TIM_DMABurst_WriteStart), (268 bytes).
    Removing stm32f0xx_hal_tim.o(i.HAL_TIM_DMABurst_WriteStop), (100 bytes).
    Removing stm32f0xx_hal_tim.o(i.HAL_TIM_Encoder_DeInit), (52 bytes).
    Removing stm32f0xx_hal_tim.o(i.HAL_TIM_Encoder_GetState), (6 bytes).
    Removing stm32f0xx_hal_tim.o(i.HAL_TIM_Encoder_Init), (152 bytes).
    Removing stm32f0xx_hal_tim.o(i.HAL_TIM_Encoder_MspDeInit), (2 bytes).
    Removing stm32f0xx_hal_tim.o(i.HAL_TIM_Encoder_MspInit), (2 bytes).
    Removing stm32f0xx_hal_tim.o(i.HAL_TIM_Encoder_Start), (52 bytes).
    Removing stm32f0xx_hal_tim.o(i.HAL_TIM_Encoder_Start_DMA), (284 bytes).
    Removing stm32f0xx_hal_tim.o(i.HAL_TIM_Encoder_Start_IT), (92 bytes).
    Removing stm32f0xx_hal_tim.o(i.HAL_TIM_Encoder_Stop), (72 bytes).
    Removing stm32f0xx_hal_tim.o(i.HAL_TIM_Encoder_Stop_DMA), (120 bytes).
    Removing stm32f0xx_hal_tim.o(i.HAL_TIM_Encoder_Stop_IT), (120 bytes).
    Removing stm32f0xx_hal_tim.o(i.HAL_TIM_ErrorCallback), (2 bytes).
    Removing stm32f0xx_hal_tim.o(i.HAL_TIM_GenerateEvent), (36 bytes).
    Removing stm32f0xx_hal_tim.o(i.HAL_TIM_IC_CaptureCallback), (2 bytes).
    Removing stm32f0xx_hal_tim.o(i.HAL_TIM_IC_DeInit), (52 bytes).
    Removing stm32f0xx_hal_tim.o(i.HAL_TIM_IC_GetState), (6 bytes).
    Removing stm32f0xx_hal_tim.o(i.HAL_TIM_IC_MspDeInit), (2 bytes).
    Removing stm32f0xx_hal_tim.o(i.HAL_TIM_IC_Start), (26 bytes).
    Removing stm32f0xx_hal_tim.o(i.HAL_TIM_IC_Start_DMA), (212 bytes).
    Removing stm32f0xx_hal_tim.o(i.HAL_TIM_IC_Stop), (48 bytes).
    Removing stm32f0xx_hal_tim.o(i.HAL_TIM_IC_Stop_DMA), (108 bytes).
    Removing stm32f0xx_hal_tim.o(i.HAL_TIM_IC_Stop_IT), (92 bytes).
    Removing stm32f0xx_hal_tim.o(i.HAL_TIM_OC_ConfigChannel), (80 bytes).
    Removing stm32f0xx_hal_tim.o(i.HAL_TIM_OC_DeInit), (52 bytes).
    Removing stm32f0xx_hal_tim.o(i.HAL_TIM_OC_GetState), (6 bytes).
    Removing stm32f0xx_hal_tim.o(i.HAL_TIM_OC_Init), (52 bytes).
    Removing stm32f0xx_hal_tim.o(i.HAL_TIM_OC_MspDeInit), (2 bytes).
    Removing stm32f0xx_hal_tim.o(i.HAL_TIM_OC_MspInit), (2 bytes).
    Removing stm32f0xx_hal_tim.o(i.HAL_TIM_OC_Start), (68 bytes).
    Removing stm32f0xx_hal_tim.o(i.HAL_TIM_OC_Start_DMA), (264 bytes).
    Removing stm32f0xx_hal_tim.o(i.HAL_TIM_OC_Start_IT), (116 bytes).
    Removing stm32f0xx_hal_tim.o(i.HAL_TIM_OC_Stop), (100 bytes).
    Removing stm32f0xx_hal_tim.o(i.HAL_TIM_OC_Stop_DMA), (160 bytes).
    Removing stm32f0xx_hal_tim.o(i.HAL_TIM_OC_Stop_IT), (148 bytes).
    Removing stm32f0xx_hal_tim.o(i.HAL_TIM_OnePulse_ConfigChannel), (214 bytes).
    Removing stm32f0xx_hal_tim.o(i.HAL_TIM_OnePulse_DeInit), (52 bytes).
    Removing stm32f0xx_hal_tim.o(i.HAL_TIM_OnePulse_GetState), (6 bytes).
    Removing stm32f0xx_hal_tim.o(i.HAL_TIM_OnePulse_Init), (72 bytes).
    Removing stm32f0xx_hal_tim.o(i.HAL_TIM_OnePulse_MspDeInit), (2 bytes).
    Removing stm32f0xx_hal_tim.o(i.HAL_TIM_OnePulse_MspInit), (2 bytes).
    Removing stm32f0xx_hal_tim.o(i.HAL_TIM_OnePulse_Start), (72 bytes).
    Removing stm32f0xx_hal_tim.o(i.HAL_TIM_OnePulse_Start_IT), (92 bytes).
    Removing stm32f0xx_hal_tim.o(i.HAL_TIM_OnePulse_Stop), (112 bytes).
    Removing stm32f0xx_hal_tim.o(i.HAL_TIM_OnePulse_Stop_IT), (132 bytes).
    Removing stm32f0xx_hal_tim.o(i.HAL_TIM_PWM_DeInit), (52 bytes).
    Removing stm32f0xx_hal_tim.o(i.HAL_TIM_PWM_GetState), (6 bytes).
    Removing stm32f0xx_hal_tim.o(i.HAL_TIM_PWM_MspDeInit), (2 bytes).
    Removing stm32f0xx_hal_tim.o(i.HAL_TIM_PWM_Start_DMA), (264 bytes).
    Removing stm32f0xx_hal_tim.o(i.HAL_TIM_PWM_Start_IT), (116 bytes).
    Removing stm32f0xx_hal_tim.o(i.HAL_TIM_PWM_Stop), (108 bytes).
    Removing stm32f0xx_hal_tim.o(i.HAL_TIM_PWM_Stop_DMA), (160 bytes).
    Removing stm32f0xx_hal_tim.o(i.HAL_TIM_PWM_Stop_IT), (148 bytes).
    Removing stm32f0xx_hal_tim.o(i.HAL_TIM_PeriodElapsedCallback), (2 bytes).
    Removing stm32f0xx_hal_tim.o(i.HAL_TIM_SlaveConfigSynchronization), (60 bytes).
    Removing stm32f0xx_hal_tim.o(i.HAL_TIM_SlaveConfigSynchronization_IT), (60 bytes).
    Removing stm32f0xx_hal_tim.o(i.TIM_DMACaptureCplt), (62 bytes).
    Removing stm32f0xx_hal_tim.o(i.TIM_DMADelayPulseCplt), (62 bytes).
    Removing stm32f0xx_hal_tim.o(i.TIM_DMAError), (16 bytes).
    Removing stm32f0xx_hal_tim.o(i.TIM_DMAPeriodElapsedCplt), (16 bytes).
    Removing stm32f0xx_hal_tim.o(i.TIM_DMATriggerCplt), (16 bytes).
    Removing stm32f0xx_hal_tim.o(i.TIM_SlaveTimer_SetConfig), (122 bytes).
    Removing stm32f0xx_hal_uart.o(.rev16_text), (4 bytes).
    Removing stm32f0xx_hal_uart.o(.revsh_text), (4 bytes).
    Removing stm32f0xx_hal_uart.o(i.HAL_HalfDuplex_EnableReceiver), (54 bytes).
    Removing stm32f0xx_hal_uart.o(i.HAL_HalfDuplex_EnableTransmitter), (54 bytes).
    Removing stm32f0xx_hal_uart.o(i.HAL_HalfDuplex_Init), (108 bytes).
    Removing stm32f0xx_hal_uart.o(i.HAL_MultiProcessor_DisableMuteMode), (46 bytes).
    Removing stm32f0xx_hal_uart.o(i.HAL_MultiProcessor_EnableMuteMode), (46 bytes).
    Removing stm32f0xx_hal_uart.o(i.HAL_MultiProcessor_EnterMuteMode), (12 bytes).
    Removing stm32f0xx_hal_uart.o(i.HAL_MultiProcessor_Init), (140 bytes).
    Removing stm32f0xx_hal_uart.o(i.HAL_UART_DMAPause), (60 bytes).
    Removing stm32f0xx_hal_uart.o(i.HAL_UART_DMAResume), (66 bytes).
    Removing stm32f0xx_hal_uart.o(i.HAL_UART_DMAStop), (56 bytes).
    Removing stm32f0xx_hal_uart.o(i.HAL_UART_DeInit), (62 bytes).
    Removing stm32f0xx_hal_uart.o(i.HAL_UART_ErrorCallback), (2 bytes).
    Removing stm32f0xx_hal_uart.o(i.HAL_UART_GetError), (4 bytes).
    Removing stm32f0xx_hal_uart.o(i.HAL_UART_GetState), (12 bytes).
    Removing stm32f0xx_hal_uart.o(i.HAL_UART_IRQHandler), (186 bytes).
    Removing stm32f0xx_hal_uart.o(i.HAL_UART_MspDeInit), (2 bytes).
    Removing stm32f0xx_hal_uart.o(i.HAL_UART_MspInit), (2 bytes).
    Removing stm32f0xx_hal_uart.o(i.HAL_UART_Receive), (212 bytes).
    Removing stm32f0xx_hal_uart.o(i.HAL_UART_Receive_DMA), (136 bytes).
    Removing stm32f0xx_hal_uart.o(i.HAL_UART_Receive_IT), (148 bytes).
    Removing stm32f0xx_hal_uart.o(i.HAL_UART_RxCpltCallback), (2 bytes).
    Removing stm32f0xx_hal_uart.o(i.HAL_UART_RxHalfCpltCallback), (2 bytes).
    Removing stm32f0xx_hal_uart.o(i.HAL_UART_Transmit_DMA), (144 bytes).
    Removing stm32f0xx_hal_uart.o(i.HAL_UART_Transmit_IT), (88 bytes).
    Removing stm32f0xx_hal_uart.o(i.HAL_UART_TxCpltCallback), (2 bytes).
    Removing stm32f0xx_hal_uart.o(i.HAL_UART_TxHalfCpltCallback), (2 bytes).
    Removing stm32f0xx_hal_uart.o(i.UART_DMAError), (36 bytes).
    Removing stm32f0xx_hal_uart.o(i.UART_DMAReceiveCplt), (42 bytes).
    Removing stm32f0xx_hal_uart.o(i.UART_DMARxHalfCplt), (10 bytes).
    Removing stm32f0xx_hal_uart.o(i.UART_DMATransmitCplt), (48 bytes).
    Removing stm32f0xx_hal_uart.o(i.UART_DMATxHalfCplt), (10 bytes).
    Removing stm32f0xx_hal_uart.o(i.UART_EndTransmit_IT), (26 bytes).
    Removing stm32f0xx_hal_uart.o(i.UART_Receive_IT), (130 bytes).
    Removing stm32f0xx_hal_uart.o(i.UART_Transmit_IT), (102 bytes).
    Removing stm32f0xx_hal_flash.o(.rev16_text), (4 bytes).
    Removing stm32f0xx_hal_flash.o(.revsh_text), (4 bytes).
    Removing stm32f0xx_hal_flash.o(i.FLASH_Program_HalfWord), (32 bytes).
    Removing stm32f0xx_hal_flash.o(i.FLASH_SetErrorCode), (56 bytes).
    Removing stm32f0xx_hal_flash.o(i.FLASH_WaitForLastOperation), (80 bytes).
    Removing stm32f0xx_hal_flash.o(i.HAL_FLASH_EndOfOperationCallback), (2 bytes).
    Removing stm32f0xx_hal_flash.o(i.HAL_FLASH_GetError), (12 bytes).
    Removing stm32f0xx_hal_flash.o(i.HAL_FLASH_IRQHandler), (268 bytes).
    Removing stm32f0xx_hal_flash.o(i.HAL_FLASH_Lock), (20 bytes).
    Removing stm32f0xx_hal_flash.o(i.HAL_FLASH_OB_Launch), (32 bytes).
    Removing stm32f0xx_hal_flash.o(i.HAL_FLASH_OB_Lock), (20 bytes).
    Removing stm32f0xx_hal_flash.o(i.HAL_FLASH_OB_Unlock), (36 bytes).
    Removing stm32f0xx_hal_flash.o(i.HAL_FLASH_OperationErrorCallback), (2 bytes).
    Removing stm32f0xx_hal_flash.o(i.HAL_FLASH_Program), (124 bytes).
    Removing stm32f0xx_hal_flash.o(i.HAL_FLASH_Program_IT), (100 bytes).
    Removing stm32f0xx_hal_flash.o(i.HAL_FLASH_Unlock), (36 bytes).
    Removing stm32f0xx_hal_flash.o(.bss), (32 bytes).
    Removing stm32f0xx_hal_adc_ex.o(.rev16_text), (4 bytes).
    Removing stm32f0xx_hal_adc_ex.o(.revsh_text), (4 bytes).
    Removing stm32f0xx_hal_adc_ex.o(i.HAL_ADCEx_Calibration_Start), (148 bytes).
    Removing stm32f0xx_hal_adc.o(.rev16_text), (4 bytes).
    Removing stm32f0xx_hal_adc.o(.revsh_text), (4 bytes).
    Removing stm32f0xx_hal_adc.o(i.ADC_ConversionStop), (82 bytes).
    Removing stm32f0xx_hal_adc.o(i.ADC_Disable), (102 bytes).
    Removing stm32f0xx_hal_adc.o(i.HAL_ADC_AnalogWDGConfig), (156 bytes).
    Removing stm32f0xx_hal_adc.o(i.HAL_ADC_DeInit), (160 bytes).
    Removing stm32f0xx_hal_adc.o(i.HAL_ADC_GetError), (4 bytes).
    Removing stm32f0xx_hal_adc.o(i.HAL_ADC_GetState), (4 bytes).
    Removing stm32f0xx_hal_adc.o(i.HAL_ADC_GetValue), (6 bytes).
    Removing stm32f0xx_hal_adc.o(i.HAL_ADC_IRQHandler), (208 bytes).
    Removing stm32f0xx_hal_adc.o(i.HAL_ADC_LevelOutOfWindowCallback), (2 bytes).
    Removing stm32f0xx_hal_adc.o(i.HAL_ADC_MspDeInit), (2 bytes).
    Removing stm32f0xx_hal_adc.o(i.HAL_ADC_MspInit), (2 bytes).
    Removing stm32f0xx_hal_adc.o(i.HAL_ADC_PollForConversion), (190 bytes).
    Removing stm32f0xx_hal_adc.o(i.HAL_ADC_PollForEvent), (116 bytes).
    Removing stm32f0xx_hal_adc.o(i.HAL_ADC_Start), (92 bytes).
    Removing stm32f0xx_hal_adc.o(i.HAL_ADC_Start_IT), (124 bytes).
    Removing stm32f0xx_hal_adc.o(i.HAL_ADC_Stop), (62 bytes).
    Removing stm32f0xx_hal_adc.o(i.HAL_ADC_Stop_DMA), (112 bytes).
    Removing stm32f0xx_hal_adc.o(i.HAL_ADC_Stop_IT), (72 bytes).
    Removing stm32f0xx_it.o(.rev16_text), (4 bytes).
    Removing stm32f0xx_it.o(.revsh_text), (4 bytes).
    Removing main.o(.rev16_text), (4 bytes).
    Removing main.o(.revsh_text), (4 bytes).
    Removing main.o(.constdata), (1 bytes).
    Removing usart.o(.rev16_text), (4 bytes).
    Removing usart.o(.revsh_text), (4 bytes).
    Removing usart.o(i.HAL_UART_MspDeInit), (44 bytes).
    Removing gpio.o(.rev16_text), (4 bytes).
    Removing gpio.o(.revsh_text), (4 bytes).
    Removing stm32f0xx_hal_msp.o(.rev16_text), (4 bytes).
    Removing stm32f0xx_hal_msp.o(.revsh_text), (4 bytes).
    Removing adc.o(.rev16_text), (4 bytes).
    Removing adc.o(.revsh_text), (4 bytes).
    Removing adc.o(i.HAL_ADC_MspDeInit), (48 bytes).
    Removing dma.o(.rev16_text), (4 bytes).
    Removing dma.o(.revsh_text), (4 bytes).
    Removing oled.o(.rev16_text), (4 bytes).
    Removing oled.o(.revsh_text), (4 bytes).
    Removing oled.o(i.OLED_Display_Off), (28 bytes).
    Removing oled.o(i.OLED_Display_On), (28 bytes).
    Removing oled.o(i.OLED_DrawBMP), (58 bytes).
    Removing oled.o(i.OLED_On), (58 bytes).
    Removing oled.o(i.OLED_ShowCHinese), (2 bytes).
    Removing oled.o(i.fill_picture), (60 bytes).
    Removing tim.o(.rev16_text), (4 bytes).
    Removing tim.o(.revsh_text), (4 bytes).
    Removing tim.o(i.HAL_TIM_Base_MspDeInit), (68 bytes).
    Removing stm32f0xx_hal_tim.o(i.__ARM_common_switch8), (26 bytes).

389 unused section(s) (total 26401 bytes) removed from the image.

==============================================================================

Image Symbol Table

    Local Symbols

    Symbol Name                              Value     Ov Type        Size  Object(Section)

    ../Drivers/CMSIS/Device/ST/STM32F0xx/Source/Templates/system_stm32f0xx.c 0x00000000   Number         0  system_stm32f0xx.o ABSOLUTE
    ../Drivers/STM32F0xx_HAL_Driver/Src/stm32f0xx_hal.c 0x00000000   Number         0  stm32f0xx_hal.o ABSOLUTE
    ../Drivers/STM32F0xx_HAL_Driver/Src/stm32f0xx_hal_adc.c 0x00000000   Number         0  stm32f0xx_hal_adc.o ABSOLUTE
    ../Drivers/STM32F0xx_HAL_Driver/Src/stm32f0xx_hal_adc_ex.c 0x00000000   Number         0  stm32f0xx_hal_adc_ex.o ABSOLUTE
    ../Drivers/STM32F0xx_HAL_Driver/Src/stm32f0xx_hal_cortex.c 0x00000000   Number         0  stm32f0xx_hal_cortex.o ABSOLUTE
    ../Drivers/STM32F0xx_HAL_Driver/Src/stm32f0xx_hal_dma.c 0x00000000   Number         0  stm32f0xx_hal_dma.o ABSOLUTE
    ../Drivers/STM32F0xx_HAL_Driver/Src/stm32f0xx_hal_flash.c 0x00000000   Number         0  stm32f0xx_hal_flash.o ABSOLUTE
    ../Drivers/STM32F0xx_HAL_Driver/Src/stm32f0xx_hal_flash_ex.c 0x00000000   Number         0  stm32f0xx_hal_flash_ex.o ABSOLUTE
    ../Drivers/STM32F0xx_HAL_Driver/Src/stm32f0xx_hal_gpio.c 0x00000000   Number         0  stm32f0xx_hal_gpio.o ABSOLUTE
    ../Drivers/STM32F0xx_HAL_Driver/Src/stm32f0xx_hal_i2c.c 0x00000000   Number         0  stm32f0xx_hal_i2c.o ABSOLUTE
    ../Drivers/STM32F0xx_HAL_Driver/Src/stm32f0xx_hal_i2c_ex.c 0x00000000   Number         0  stm32f0xx_hal_i2c_ex.o ABSOLUTE
    ../Drivers/STM32F0xx_HAL_Driver/Src/stm32f0xx_hal_pwr.c 0x00000000   Number         0  stm32f0xx_hal_pwr.o ABSOLUTE
    ../Drivers/STM32F0xx_HAL_Driver/Src/stm32f0xx_hal_pwr_ex.c 0x00000000   Number         0  stm32f0xx_hal_pwr_ex.o ABSOLUTE
    ../Drivers/STM32F0xx_HAL_Driver/Src/stm32f0xx_hal_rcc.c 0x00000000   Number         0  stm32f0xx_hal_rcc.o ABSOLUTE
    ../Drivers/STM32F0xx_HAL_Driver/Src/stm32f0xx_hal_rcc_ex.c 0x00000000   Number         0  stm32f0xx_hal_rcc_ex.o ABSOLUTE
    ../Drivers/STM32F0xx_HAL_Driver/Src/stm32f0xx_hal_tim.c 0x00000000   Number         0  stm32f0xx_hal_tim.o ABSOLUTE
    ../Drivers/STM32F0xx_HAL_Driver/Src/stm32f0xx_hal_tim_ex.c 0x00000000   Number         0  stm32f0xx_hal_tim_ex.o ABSOLUTE
    ../Drivers/STM32F0xx_HAL_Driver/Src/stm32f0xx_hal_uart.c 0x00000000   Number         0  stm32f0xx_hal_uart.o ABSOLUTE
    ../Drivers/STM32F0xx_HAL_Driver/Src/stm32f0xx_hal_uart_ex.c 0x00000000   Number         0  stm32f0xx_hal_uart_ex.o ABSOLUTE
    ../Src/adc.c                             0x00000000   Number         0  adc.o ABSOLUTE
    ../Src/dma.c                             0x00000000   Number         0  dma.o ABSOLUTE
    ../Src/gpio.c                            0x00000000   Number         0  gpio.o ABSOLUTE
    ../Src/main.c                            0x00000000   Number         0  main.o ABSOLUTE
    ../Src/stm32f0xx_hal_msp.c               0x00000000   Number         0  stm32f0xx_hal_msp.o ABSOLUTE
    ../Src/stm32f0xx_it.c                    0x00000000   Number         0  stm32f0xx_it.o ABSOLUTE
    ../Src/tim.c                             0x00000000   Number         0  tim.o ABSOLUTE
    ../Src/usart.c                           0x00000000   Number         0  usart.o ABSOLUTE
    ../clib/microlib/division.c              0x00000000   Number         0  uldiv.o ABSOLUTE
    ../clib/microlib/division.c              0x00000000   Number         0  ldiv.o ABSOLUTE
    ../clib/microlib/division.c              0x00000000   Number         0  uidiv.o ABSOLUTE
    ../clib/microlib/init/entry.s            0x00000000   Number         0  entry10b.o ABSOLUTE
    ../clib/microlib/init/entry.s            0x00000000   Number         0  entry11a.o ABSOLUTE
    ../clib/microlib/init/entry.s            0x00000000   Number         0  entry11b.o ABSOLUTE
    ../clib/microlib/init/entry.s            0x00000000   Number         0  entry.o ABSOLUTE
    ../clib/microlib/init/entry.s            0x00000000   Number         0  entry10a.o ABSOLUTE
    ../clib/microlib/init/entry.s            0x00000000   Number         0  entry9b.o ABSOLUTE
    ../clib/microlib/init/entry.s            0x00000000   Number         0  entry9a.o ABSOLUTE
    ../clib/microlib/init/entry.s            0x00000000   Number         0  entry8a.o ABSOLUTE
    ../clib/microlib/init/entry.s            0x00000000   Number         0  entry7b.o ABSOLUTE
    ../clib/microlib/init/entry.s            0x00000000   Number         0  entry7a.o ABSOLUTE
    ../clib/microlib/init/entry.s            0x00000000   Number         0  entry5.o ABSOLUTE
    ../clib/microlib/init/entry.s            0x00000000   Number         0  entry2.o ABSOLUTE
    ../clib/microlib/init/entry.s            0x00000000   Number         0  entry8b.o ABSOLUTE
    ../clib/microlib/longlong.c              0x00000000   Number         0  llsshr.o ABSOLUTE
    ../clib/microlib/longlong.c              0x00000000   Number         0  llushr.o ABSOLUTE
    ../clib/microlib/longlong.c              0x00000000   Number         0  llmul.o ABSOLUTE
    ../clib/microlib/longlong.c              0x00000000   Number         0  llshl.o ABSOLUTE
    ../clib/microlib/printf/printf.c         0x00000000   Number         0  printf0.o ABSOLUTE
    ../clib/microlib/printf/printf.c         0x00000000   Number         0  printf1.o ABSOLUTE
    ../clib/microlib/printf/printf.c         0x00000000   Number         0  printf2.o ABSOLUTE
    ../clib/microlib/printf/printf.c         0x00000000   Number         0  printf3.o ABSOLUTE
    ../clib/microlib/printf/printf.c         0x00000000   Number         0  printf4.o ABSOLUTE
    ../clib/microlib/printf/printf.c         0x00000000   Number         0  printf5.o ABSOLUTE
    ../clib/microlib/printf/printf.c         0x00000000   Number         0  printfa.o ABSOLUTE
    ../clib/microlib/printf/printf.c         0x00000000   Number         0  printfb.o ABSOLUTE
    ../clib/microlib/printf/printf.c         0x00000000   Number         0  printf8.o ABSOLUTE
    ../clib/microlib/printf/printf.c         0x00000000   Number         0  printf7.o ABSOLUTE
    ../clib/microlib/printf/printf.c         0x00000000   Number         0  printf6.o ABSOLUTE
    ../clib/microlib/printf/stubs.s          0x00000000   Number         0  stubs.o ABSOLUTE
    ../clib/microlib/stdio/streams.c         0x00000000   Number         0  stdout.o ABSOLUTE
    ../clib/microlib/string/memset.c         0x00000000   Number         0  memseta.o ABSOLUTE
    ../clib/microlib/stubs.s                 0x00000000   Number         0  iusefp.o ABSOLUTE
    ../fplib/microlib/d2f.c                  0x00000000   Number         0  d2f.o ABSOLUTE
    ../fplib/microlib/f2d.c                  0x00000000   Number         0  f2d.o ABSOLUTE
    ../fplib/microlib/fpadd.c                0x00000000   Number         0  dadd.o ABSOLUTE
    ../fplib/microlib/fpdiv.c                0x00000000   Number         0  ddiv.o ABSOLUTE
    ../fplib/microlib/fpepilogue.c           0x00000000   Number         0  depilogue.o ABSOLUTE
    ../fplib/microlib/fpepilogue.c           0x00000000   Number         0  fepilogue.o ABSOLUTE
    ../fplib/microlib/fpfix.c                0x00000000   Number         0  dfixul.o ABSOLUTE
    ../fplib/microlib/fpflt.c                0x00000000   Number         0  dfltl.o ABSOLUTE
    ../fplib/microlib/fpflt.c                0x00000000   Number         0  dfltui.o ABSOLUTE
    ../fplib/microlib/fpmul.c                0x00000000   Number         0  dmul.o ABSOLUTE
    ..\Drivers\CMSIS\Device\ST\STM32F0xx\Source\Templates\system_stm32f0xx.c 0x00000000   Number         0  system_stm32f0xx.o ABSOLUTE
    ..\Drivers\STM32F0xx_HAL_Driver\Src\stm32f0xx_hal.c 0x00000000   Number         0  stm32f0xx_hal.o ABSOLUTE
    ..\Drivers\STM32F0xx_HAL_Driver\Src\stm32f0xx_hal_adc.c 0x00000000   Number         0  stm32f0xx_hal_adc.o ABSOLUTE
    ..\Drivers\STM32F0xx_HAL_Driver\Src\stm32f0xx_hal_adc_ex.c 0x00000000   Number         0  stm32f0xx_hal_adc_ex.o ABSOLUTE
    ..\Drivers\STM32F0xx_HAL_Driver\Src\stm32f0xx_hal_cortex.c 0x00000000   Number         0  stm32f0xx_hal_cortex.o ABSOLUTE
    ..\Drivers\STM32F0xx_HAL_Driver\Src\stm32f0xx_hal_dma.c 0x00000000   Number         0  stm32f0xx_hal_dma.o ABSOLUTE
    ..\Drivers\STM32F0xx_HAL_Driver\Src\stm32f0xx_hal_flash.c 0x00000000   Number         0  stm32f0xx_hal_flash.o ABSOLUTE
    ..\Drivers\STM32F0xx_HAL_Driver\Src\stm32f0xx_hal_flash_ex.c 0x00000000   Number         0  stm32f0xx_hal_flash_ex.o ABSOLUTE
    ..\Drivers\STM32F0xx_HAL_Driver\Src\stm32f0xx_hal_gpio.c 0x00000000   Number         0  stm32f0xx_hal_gpio.o ABSOLUTE
    ..\Drivers\STM32F0xx_HAL_Driver\Src\stm32f0xx_hal_i2c.c 0x00000000   Number         0  stm32f0xx_hal_i2c.o ABSOLUTE
    ..\Drivers\STM32F0xx_HAL_Driver\Src\stm32f0xx_hal_i2c_ex.c 0x00000000   Number         0  stm32f0xx_hal_i2c_ex.o ABSOLUTE
    ..\Drivers\STM32F0xx_HAL_Driver\Src\stm32f0xx_hal_pwr.c 0x00000000   Number         0  stm32f0xx_hal_pwr.o ABSOLUTE
    ..\Drivers\STM32F0xx_HAL_Driver\Src\stm32f0xx_hal_pwr_ex.c 0x00000000   Number         0  stm32f0xx_hal_pwr_ex.o ABSOLUTE
    ..\Drivers\STM32F0xx_HAL_Driver\Src\stm32f0xx_hal_rcc.c 0x00000000   Number         0  stm32f0xx_hal_rcc.o ABSOLUTE
    ..\Drivers\STM32F0xx_HAL_Driver\Src\stm32f0xx_hal_rcc_ex.c 0x00000000   Number         0  stm32f0xx_hal_rcc_ex.o ABSOLUTE
    ..\Drivers\STM32F0xx_HAL_Driver\Src\stm32f0xx_hal_tim.c 0x00000000   Number         0  stm32f0xx_hal_tim.o ABSOLUTE
    ..\Drivers\STM32F0xx_HAL_Driver\Src\stm32f0xx_hal_tim_ex.c 0x00000000   Number         0  stm32f0xx_hal_tim_ex.o ABSOLUTE
    ..\Drivers\STM32F0xx_HAL_Driver\Src\stm32f0xx_hal_uart.c 0x00000000   Number         0  stm32f0xx_hal_uart.o ABSOLUTE
    ..\Drivers\STM32F0xx_HAL_Driver\Src\stm32f0xx_hal_uart_ex.c 0x00000000   Number         0  stm32f0xx_hal_uart_ex.o ABSOLUTE
    ..\Src\adc.c                             0x00000000   Number         0  adc.o ABSOLUTE
    ..\Src\dma.c                             0x00000000   Number         0  dma.o ABSOLUTE
    ..\Src\gpio.c                            0x00000000   Number         0  gpio.o ABSOLUTE
    ..\Src\main.c                            0x00000000   Number         0  main.o ABSOLUTE
    ..\Src\oled.c                            0x00000000   Number         0  oled.o ABSOLUTE
    ..\Src\stm32f0xx_hal_msp.c               0x00000000   Number         0  stm32f0xx_hal_msp.o ABSOLUTE
    ..\Src\stm32f0xx_it.c                    0x00000000   Number         0  stm32f0xx_it.o ABSOLUTE
    ..\Src\tim.c                             0x00000000   Number         0  tim.o ABSOLUTE
    ..\Src\usart.c                           0x00000000   Number         0  usart.o ABSOLUTE
    ..\\Src\\oled.c                          0x00000000   Number         0  oled.o ABSOLUTE
    cdrcmple.s                               0x00000000   Number         0  cdrcmple.o ABSOLUTE
    dc.s                                     0x00000000   Number         0  dc.o ABSOLUTE
    handlers.s                               0x00000000   Number         0  handlers.o ABSOLUTE
    init.s                                   0x00000000   Number         0  init.o ABSOLUTE
    startup_stm32f030x6.s                    0x00000000   Number         0  startup_stm32f030x6.o ABSOLUTE
    RESET                                    0x08000000   Section      176  startup_stm32f030x6.o(RESET)
    .ARM.Collect$$$$00000000                 0x080000b0   Section        0  entry.o(.ARM.Collect$$$$00000000)
    .ARM.Collect$$$$00000001                 0x080000b0   Section        4  entry2.o(.ARM.Collect$$$$00000001)
    .ARM.Collect$$$$00000004                 0x080000b4   Section        4  entry5.o(.ARM.Collect$$$$00000004)
    .ARM.Collect$$$$00000008                 0x080000b8   Section        0  entry7b.o(.ARM.Collect$$$$00000008)
    .ARM.Collect$$$$0000000A                 0x080000b8   Section        0  entry8b.o(.ARM.Collect$$$$0000000A)
    .ARM.Collect$$$$0000000B                 0x080000b8   Section        8  entry9a.o(.ARM.Collect$$$$0000000B)
    .ARM.Collect$$$$0000000D                 0x080000c0   Section        0  entry10a.o(.ARM.Collect$$$$0000000D)
    .ARM.Collect$$$$0000000F                 0x080000c0   Section        0  entry11a.o(.ARM.Collect$$$$0000000F)
    .ARM.Collect$$$$00002712                 0x080000c0   Section        4  entry2.o(.ARM.Collect$$$$00002712)
    __lit__00000000                          0x080000c0   Data           4  entry2.o(.ARM.Collect$$$$00002712)
    .text                                    0x080000c4   Section       28  startup_stm32f030x6.o(.text)
    .text                                    0x080000e0   Section        0  uidiv.o(.text)
    .text                                    0x0800010c   Section        0  ldiv.o(.text)
    .text                                    0x08000158   Section        0  llmul.o(.text)
    .text                                    0x080001d2   Section        0  llushr.o(.text)
    .text                                    0x080001f4   Section        0  dadd.o(.text)
    .text                                    0x08000358   Section        0  dmul.o(.text)
    .text                                    0x08000428   Section        0  ddiv.o(.text)
    .text                                    0x08000518   Section        0  dfltui.o(.text)
    .text                                    0x08000534   Section        0  dfltl.o(.text)
    .text                                    0x08000560   Section        0  f2d.o(.text)
    .text                                    0x08000588   Section        0  d2f.o(.text)
    .text                                    0x080005c0   Section        0  uldiv.o(.text)
    .text                                    0x08000620   Section        0  llshl.o(.text)
    .text                                    0x08000640   Section        0  llsshr.o(.text)
    .text                                    0x08000666   Section        0  iusefp.o(.text)
    .text                                    0x08000666   Section        0  fepilogue.o(.text)
    .text                                    0x080006e8   Section        0  depilogue.o(.text)
    .text                                    0x080007a8   Section        0  dfixul.o(.text)
    .text                                    0x080007e8   Section       40  cdrcmple.o(.text)
    .text                                    0x08000810   Section       36  init.o(.text)
    i.ADC_DMAConvCplt                        0x08000834   Section        0  stm32f0xx_hal_adc.o(i.ADC_DMAConvCplt)
    ADC_DMAConvCplt                          0x08000835   Thumb Code   108  stm32f0xx_hal_adc.o(i.ADC_DMAConvCplt)
    i.ADC_DMAError                           0x080008a0   Section        0  stm32f0xx_hal_adc.o(i.ADC_DMAError)
    ADC_DMAError                             0x080008a1   Thumb Code    26  stm32f0xx_hal_adc.o(i.ADC_DMAError)
    i.ADC_DMAHalfConvCplt                    0x080008ba   Section        0  stm32f0xx_hal_adc.o(i.ADC_DMAHalfConvCplt)
    ADC_DMAHalfConvCplt                      0x080008bb   Thumb Code    10  stm32f0xx_hal_adc.o(i.ADC_DMAHalfConvCplt)
    i.ADC_Enable                             0x080008c4   Section        0  stm32f0xx_hal_adc.o(i.ADC_Enable)
    ADC_Enable                               0x080008c5   Thumb Code   120  stm32f0xx_hal_adc.o(i.ADC_Enable)
    i.DMA1_Channel1_IRQHandler               0x08000948   Section        0  stm32f0xx_it.o(i.DMA1_Channel1_IRQHandler)
    i.DMA_SetConfig                          0x08000958   Section        0  stm32f0xx_hal_dma.o(i.DMA_SetConfig)
    DMA_SetConfig                            0x08000959   Thumb Code    30  stm32f0xx_hal_dma.o(i.DMA_SetConfig)
    i.Error_Handler                          0x08000976   Section        0  main.o(i.Error_Handler)
    i.HAL_ADC_ConfigChannel                  0x08000978   Section        0  stm32f0xx_hal_adc.o(i.HAL_ADC_ConfigChannel)
    i.HAL_ADC_ConvCpltCallback               0x08000a88   Section        0  stm32f0xx_hal_adc.o(i.HAL_ADC_ConvCpltCallback)
    i.HAL_ADC_ConvHalfCpltCallback           0x08000a8a   Section        0  stm32f0xx_hal_adc.o(i.HAL_ADC_ConvHalfCpltCallback)
    i.HAL_ADC_ErrorCallback                  0x08000a8c   Section        0  stm32f0xx_hal_adc.o(i.HAL_ADC_ErrorCallback)
    i.HAL_ADC_Init                           0x08000a90   Section        0  stm32f0xx_hal_adc.o(i.HAL_ADC_Init)
    i.HAL_ADC_MspInit                        0x08000c04   Section        0  adc.o(i.HAL_ADC_MspInit)
    i.HAL_ADC_Start_DMA                      0x08000c78   Section        0  stm32f0xx_hal_adc.o(i.HAL_ADC_Start_DMA)
    i.HAL_DMA_IRQHandler                     0x08000d18   Section        0  stm32f0xx_hal_dma.o(i.HAL_DMA_IRQHandler)
    i.HAL_DMA_Init                           0x08000ef4   Section        0  stm32f0xx_hal_dma.o(i.HAL_DMA_Init)
    i.HAL_DMA_Start_IT                       0x08000f48   Section        0  stm32f0xx_hal_dma.o(i.HAL_DMA_Start_IT)
    i.HAL_Delay                              0x08000f96   Section        0  stm32f0xx_hal.o(i.HAL_Delay)
    i.HAL_GPIO_Init                          0x08000fac   Section        0  stm32f0xx_hal_gpio.o(i.HAL_GPIO_Init)
    i.HAL_GPIO_WritePin                      0x080010f4   Section        0  stm32f0xx_hal_gpio.o(i.HAL_GPIO_WritePin)
    i.HAL_GetTick                            0x08001100   Section        0  stm32f0xx_hal.o(i.HAL_GetTick)
    i.HAL_I2CEx_EnableFastModePlus           0x0800110c   Section        0  stm32f0xx_hal_i2c_ex.o(i.HAL_I2CEx_EnableFastModePlus)
    i.HAL_IncTick                            0x08001130   Section        0  stm32f0xx_hal.o(i.HAL_IncTick)
    i.HAL_Init                               0x08001140   Section        0  stm32f0xx_hal.o(i.HAL_Init)
    i.HAL_InitTick                           0x08001160   Section        0  stm32f0xx_hal.o(i.HAL_InitTick)
    i.HAL_MspInit                            0x08001184   Section        0  stm32f0xx_hal_msp.o(i.HAL_MspInit)
    i.HAL_NVIC_EnableIRQ                     0x080011bc   Section        0  stm32f0xx_hal_cortex.o(i.HAL_NVIC_EnableIRQ)
    i.HAL_NVIC_SetPriority                   0x080011d0   Section        0  stm32f0xx_hal_cortex.o(i.HAL_NVIC_SetPriority)
    i.HAL_RCCEx_PeriphCLKConfig              0x080011d8   Section        0  stm32f0xx_hal_rcc_ex.o(i.HAL_RCCEx_PeriphCLKConfig)
    i.HAL_RCC_ClockConfig                    0x080012c0   Section        0  stm32f0xx_hal_rcc.o(i.HAL_RCC_ClockConfig)
    i.HAL_RCC_GetHCLKFreq                    0x080013ec   Section        0  stm32f0xx_hal_rcc.o(i.HAL_RCC_GetHCLKFreq)
    i.HAL_RCC_GetPCLK1Freq                   0x080013f8   Section        0  stm32f0xx_hal_rcc.o(i.HAL_RCC_GetPCLK1Freq)
    i.HAL_RCC_GetSysClockFreq                0x08001418   Section        0  stm32f0xx_hal_rcc.o(i.HAL_RCC_GetSysClockFreq)
    i.HAL_RCC_OscConfig                      0x08001498   Section        0  stm32f0xx_hal_rcc.o(i.HAL_RCC_OscConfig)
    i.HAL_SYSTICK_CLKSourceConfig            0x080017ec   Section        0  stm32f0xx_hal_cortex.o(i.HAL_SYSTICK_CLKSourceConfig)
    i.HAL_SYSTICK_Callback                   0x08001804   Section        0  stm32f0xx_hal_cortex.o(i.HAL_SYSTICK_Callback)
    i.HAL_SYSTICK_Config                     0x08001808   Section        0  stm32f0xx_hal_cortex.o(i.HAL_SYSTICK_Config)
    i.HAL_SYSTICK_IRQHandler                 0x08001838   Section        0  stm32f0xx_hal_cortex.o(i.HAL_SYSTICK_IRQHandler)
    i.HAL_TIMEx_BreakCallback                0x08001840   Section        0  stm32f0xx_hal_tim_ex.o(i.HAL_TIMEx_BreakCallback)
    i.HAL_TIMEx_CommutationCallback          0x08001842   Section        0  stm32f0xx_hal_tim_ex.o(i.HAL_TIMEx_CommutationCallback)
    i.HAL_TIMEx_MasterConfigSynchronization  0x08001844   Section        0  stm32f0xx_hal_tim_ex.o(i.HAL_TIMEx_MasterConfigSynchronization)
    i.HAL_TIM_Base_Init                      0x0800188c   Section        0  stm32f0xx_hal_tim.o(i.HAL_TIM_Base_Init)
    i.HAL_TIM_Base_MspInit                   0x080018c0   Section        0  tim.o(i.HAL_TIM_Base_MspInit)
    i.HAL_TIM_ConfigClockSource              0x0800192c   Section        0  stm32f0xx_hal_tim.o(i.HAL_TIM_ConfigClockSource)
    i.HAL_TIM_IC_CaptureCallback             0x08001a1c   Section        0  main.o(i.HAL_TIM_IC_CaptureCallback)
    i.HAL_TIM_IC_ConfigChannel               0x08001aa4   Section        0  stm32f0xx_hal_tim.o(i.HAL_TIM_IC_ConfigChannel)
    i.HAL_TIM_IC_Init                        0x08001bc4   Section        0  stm32f0xx_hal_tim.o(i.HAL_TIM_IC_Init)
    i.HAL_TIM_IC_MspInit                     0x08001bf8   Section        0  stm32f0xx_hal_tim.o(i.HAL_TIM_IC_MspInit)
    i.HAL_TIM_IC_Start_IT                    0x08001bfa   Section        0  stm32f0xx_hal_tim.o(i.HAL_TIM_IC_Start_IT)
    i.HAL_TIM_IRQHandler                     0x08001c42   Section        0  stm32f0xx_hal_tim.o(i.HAL_TIM_IRQHandler)
    i.HAL_TIM_MspPostInit                    0x08001da4   Section        0  tim.o(i.HAL_TIM_MspPostInit)
    i.HAL_TIM_OC_DelayElapsedCallback        0x08001dd4   Section        0  stm32f0xx_hal_tim.o(i.HAL_TIM_OC_DelayElapsedCallback)
    i.HAL_TIM_PWM_ConfigChannel              0x08001dd6   Section        0  stm32f0xx_hal_tim.o(i.HAL_TIM_PWM_ConfigChannel)
    i.HAL_TIM_PWM_Init                       0x08001ea6   Section        0  stm32f0xx_hal_tim.o(i.HAL_TIM_PWM_Init)
    i.HAL_TIM_PWM_MspInit                    0x08001eda   Section        0  stm32f0xx_hal_tim.o(i.HAL_TIM_PWM_MspInit)
    i.HAL_TIM_PWM_PulseFinishedCallback      0x08001edc   Section        0  stm32f0xx_hal_tim.o(i.HAL_TIM_PWM_PulseFinishedCallback)
    i.HAL_TIM_PWM_Start                      0x08001ee0   Section        0  stm32f0xx_hal_tim.o(i.HAL_TIM_PWM_Start)
    i.HAL_TIM_PeriodElapsedCallback          0x08001f24   Section        0  main.o(i.HAL_TIM_PeriodElapsedCallback)
    i.HAL_TIM_ReadCapturedValue              0x08001f50   Section        0  stm32f0xx_hal_tim.o(i.HAL_TIM_ReadCapturedValue)
    i.HAL_TIM_TriggerCallback                0x08001f96   Section        0  stm32f0xx_hal_tim.o(i.HAL_TIM_TriggerCallback)
    i.HAL_UART_Init                          0x08001f98   Section        0  stm32f0xx_hal_uart.o(i.HAL_UART_Init)
    i.HAL_UART_MspInit                       0x08002004   Section        0  usart.o(i.HAL_UART_MspInit)
    i.HAL_UART_Transmit                      0x0800204c   Section        0  stm32f0xx_hal_uart.o(i.HAL_UART_Transmit)
    i.HardFault_Handler                      0x080020fc   Section        0  stm32f0xx_it.o(i.HardFault_Handler)
    i.IIC_Start                              0x080020fe   Section        0  oled.o(i.IIC_Start)
    i.IIC_Stop                               0x08002132   Section        0  oled.o(i.IIC_Stop)
    i.IIC_Wait_Ack                           0x0800215c   Section        0  oled.o(i.IIC_Wait_Ack)
    i.MX_ADC_Init                            0x0800217c   Section        0  adc.o(i.MX_ADC_Init)
    i.MX_DMA_Init                            0x080021e4   Section        0  dma.o(i.MX_DMA_Init)
    i.MX_GPIO_Init                           0x0800220c   Section        0  gpio.o(i.MX_GPIO_Init)
    i.MX_TIM14_Init                          0x0800226c   Section        0  tim.o(i.MX_TIM14_Init)
    i.MX_TIM3_Init                           0x080022d0   Section        0  tim.o(i.MX_TIM3_Init)
    i.MX_USART1_UART_Init                    0x08002358   Section        0  usart.o(i.MX_USART1_UART_Init)
    i.NMI_Handler                            0x08002390   Section        0  stm32f0xx_it.o(i.NMI_Handler)
    i.NVIC_SetPriority                       0x08002394   Section        0  stm32f0xx_hal_cortex.o(i.NVIC_SetPriority)
    NVIC_SetPriority                         0x08002395   Thumb Code    60  stm32f0xx_hal_cortex.o(i.NVIC_SetPriority)
    i.OLED_Clear                             0x080023d8   Section        0  oled.o(i.OLED_Clear)
    i.OLED_Init                              0x08002412   Section        0  oled.o(i.OLED_Init)
    i.OLED_Set_Pos                           0x080024d8   Section        0  oled.o(i.OLED_Set_Pos)
    i.OLED_ShowChar                          0x08002500   Section        0  oled.o(i.OLED_ShowChar)
    i.OLED_ShowNum                           0x08002584   Section        0  oled.o(i.OLED_ShowNum)
    i.OLED_ShowString                        0x080025f0   Section        0  oled.o(i.OLED_ShowString)
    i.OLED_WR_Byte                           0x08002624   Section        0  oled.o(i.OLED_WR_Byte)
    i.PendSV_Handler                         0x0800263a   Section        0  stm32f0xx_it.o(i.PendSV_Handler)
    i.SVC_Handler                            0x0800263c   Section        0  stm32f0xx_it.o(i.SVC_Handler)
    i.SysTick_Handler                        0x0800263e   Section        0  stm32f0xx_it.o(i.SysTick_Handler)
    i.SystemClock_Config                     0x0800264a   Section        0  main.o(i.SystemClock_Config)
    i.SystemInit                             0x080026c8   Section        0  system_stm32f0xx.o(i.SystemInit)
    i.TIM3_IRQHandler                        0x08002724   Section        0  stm32f0xx_it.o(i.TIM3_IRQHandler)
    i.TIM_Base_SetConfig                     0x08002734   Section        0  stm32f0xx_hal_tim.o(i.TIM_Base_SetConfig)
    i.TIM_CCxChannelCmd                      0x080027a8   Section        0  stm32f0xx_hal_tim.o(i.TIM_CCxChannelCmd)
    i.TIM_ETR_SetConfig                      0x080027be   Section        0  stm32f0xx_hal_tim.o(i.TIM_ETR_SetConfig)
    i.TIM_ITRx_SetConfig                     0x080027d4   Section        0  stm32f0xx_hal_tim.o(i.TIM_ITRx_SetConfig)
    TIM_ITRx_SetConfig                       0x080027d5   Thumb Code    16  stm32f0xx_hal_tim.o(i.TIM_ITRx_SetConfig)
    i.TIM_OC1_SetConfig                      0x080027e4   Section        0  stm32f0xx_hal_tim.o(i.TIM_OC1_SetConfig)
    TIM_OC1_SetConfig                        0x080027e5   Thumb Code   108  stm32f0xx_hal_tim.o(i.TIM_OC1_SetConfig)
    i.TIM_OC2_SetConfig                      0x0800285c   Section        0  stm32f0xx_hal_tim.o(i.TIM_OC2_SetConfig)
    i.TIM_OC3_SetConfig                      0x080028d0   Section        0  stm32f0xx_hal_tim.o(i.TIM_OC3_SetConfig)
    TIM_OC3_SetConfig                        0x080028d1   Thumb Code   106  stm32f0xx_hal_tim.o(i.TIM_OC3_SetConfig)
    i.TIM_OC4_SetConfig                      0x08002948   Section        0  stm32f0xx_hal_tim.o(i.TIM_OC4_SetConfig)
    TIM_OC4_SetConfig                        0x08002949   Thumb Code    84  stm32f0xx_hal_tim.o(i.TIM_OC4_SetConfig)
    i.TIM_TI1_ConfigInputStage               0x080029a8   Section        0  stm32f0xx_hal_tim.o(i.TIM_TI1_ConfigInputStage)
    TIM_TI1_ConfigInputStage                 0x080029a9   Thumb Code    34  stm32f0xx_hal_tim.o(i.TIM_TI1_ConfigInputStage)
    i.TIM_TI1_SetConfig                      0x080029cc   Section        0  stm32f0xx_hal_tim.o(i.TIM_TI1_SetConfig)
    i.TIM_TI2_ConfigInputStage               0x08002a10   Section        0  stm32f0xx_hal_tim.o(i.TIM_TI2_ConfigInputStage)
    TIM_TI2_ConfigInputStage                 0x08002a11   Thumb Code    38  stm32f0xx_hal_tim.o(i.TIM_TI2_ConfigInputStage)
    i.TIM_TI2_SetConfig                      0x08002a36   Section        0  stm32f0xx_hal_tim.o(i.TIM_TI2_SetConfig)
    TIM_TI2_SetConfig                        0x08002a37   Thumb Code    52  stm32f0xx_hal_tim.o(i.TIM_TI2_SetConfig)
    i.UART_AdvFeatureConfig                  0x08002a6a   Section        0  stm32f0xx_hal_uart.o(i.UART_AdvFeatureConfig)
    i.UART_CheckIdleState                    0x08002b34   Section        0  stm32f0xx_hal_uart.o(i.UART_CheckIdleState)
    i.UART_SetConfig                         0x08002b48   Section        0  stm32f0xx_hal_uart.o(i.UART_SetConfig)
    i.UART_WaitOnFlagUntilTimeout            0x08002c5c   Section        0  stm32f0xx_hal_uart.o(i.UART_WaitOnFlagUntilTimeout)
    i.User_PWM_SetValue                      0x08002d10   Section        0  tim.o(i.User_PWM_SetValue)
    i.Write_IIC_Byte                         0x08002d40   Section        0  oled.o(i.Write_IIC_Byte)
    i.Write_IIC_Command                      0x08002d92   Section        0  oled.o(i.Write_IIC_Command)
    i.Write_IIC_Data                         0x08002dbe   Section        0  oled.o(i.Write_IIC_Data)
    i.__0printf                              0x08002dec   Section        0  printfa.o(i.__0printf)
    i.__ARM_clz                              0x08002e0c   Section        0  depilogue.o(i.__ARM_clz)
    i.__scatterload_copy                     0x08002e3a   Section       14  handlers.o(i.__scatterload_copy)
    i.__scatterload_null                     0x08002e48   Section        2  handlers.o(i.__scatterload_null)
    i.__scatterload_zeroinit                 0x08002e4a   Section       14  handlers.o(i.__scatterload_zeroinit)
    i._fp_digits                             0x08002e58   Section        0  printfa.o(i._fp_digits)
    _fp_digits                               0x08002e59   Thumb Code   316  printfa.o(i._fp_digits)
    i._printf_core                           0x08002fb0   Section        0  printfa.o(i._printf_core)
    _printf_core                             0x08002fb1   Thumb Code  1754  printfa.o(i._printf_core)
    i._printf_post_padding                   0x0800369c   Section        0  printfa.o(i._printf_post_padding)
    _printf_post_padding                     0x0800369d   Thumb Code    32  printfa.o(i._printf_post_padding)
    i._printf_pre_padding                    0x080036bc   Section        0  printfa.o(i._printf_pre_padding)
    _printf_pre_padding                      0x080036bd   Thumb Code    44  printfa.o(i._printf_pre_padding)
    i.fputc                                  0x080036e8   Section        0  usart.o(i.fputc)
    i.main                                   0x08003704   Section        0  main.o(i.main)
    i.oled_pow                               0x08003910   Section        0  oled.o(i.oled_pow)
    .constdata                               0x08003924   Section       16  system_stm32f0xx.o(.constdata)
    .constdata                               0x08003934   Section        8  system_stm32f0xx.o(.constdata)
    .constdata                               0x0800393c   Section     1526  oled.o(.constdata)
    .data                                    0x20000000   Section        4  system_stm32f0xx.o(.data)
    .data                                    0x20000004   Section        4  stm32f0xx_hal.o(.data)
    .data                                    0x20000008   Section        8  main.o(.data)
    .data                                    0x20000010   Section        4  stdout.o(.data)
    .bss                                     0x20000014   Section      400  main.o(.bss)
    .bss                                     0x200001a4   Section      112  usart.o(.bss)
    .bss                                     0x20000214   Section      136  adc.o(.bss)
    .bss                                     0x2000029c   Section      120  tim.o(.bss)
    STACK                                    0x20000318   Section     1024  startup_stm32f030x6.o(STACK)

    Global Symbols

    Symbol Name                              Value     Ov Type        Size  Object(Section)

    BuildAttributes$$THM_ISAv3M$S$PE$A:L22$X:L11$S22$IEEE1$IW$USESV6$~STKCKD$USESV7$~SHL$OTIME$ROPI$EBA8$MICROLIB$REQ8$PRES8$EABIv2 0x00000000   Number         0  anon$$obj.o ABSOLUTE
    __ARM_use_no_argv                        0x00000000   Number         0  main.o ABSOLUTE
    _printf_a                                0x00000000   Number         0  stubs.o ABSOLUTE
    _printf_c                                0x00000000   Number         0  stubs.o ABSOLUTE
    _printf_charcount                        0x00000000   Number         0  stubs.o ABSOLUTE
    _printf_d                                0x00000000   Number         0  stubs.o ABSOLUTE
    _printf_e                                0x00000000   Number         0  stubs.o ABSOLUTE
    _printf_f                                0x00000000   Number         0  stubs.o ABSOLUTE
    _printf_flags                            0x00000000   Number         0  stubs.o ABSOLUTE
    _printf_fp_dec                           0x00000000   Number         0  stubs.o ABSOLUTE
    _printf_fp_hex                           0x00000000   Number         0  stubs.o ABSOLUTE
    _printf_g                                0x00000000   Number         0  stubs.o ABSOLUTE
    _printf_i                                0x00000000   Number         0  stubs.o ABSOLUTE
    _printf_int_dec                          0x00000000   Number         0  stubs.o ABSOLUTE
    _printf_l                                0x00000000   Number         0  stubs.o ABSOLUTE
    _printf_lc                               0x00000000   Number         0  stubs.o ABSOLUTE
    _printf_ll                               0x00000000   Number         0  stubs.o ABSOLUTE
    _printf_lld                              0x00000000   Number         0  stubs.o ABSOLUTE
    _printf_lli                              0x00000000   Number         0  stubs.o ABSOLUTE
    _printf_llo                              0x00000000   Number         0  stubs.o ABSOLUTE
    _printf_llu                              0x00000000   Number         0  stubs.o ABSOLUTE
    _printf_llx                              0x00000000   Number         0  stubs.o ABSOLUTE
    _printf_longlong_dec                     0x00000000   Number         0  stubs.o ABSOLUTE
    _printf_longlong_hex                     0x00000000   Number         0  stubs.o ABSOLUTE
    _printf_longlong_oct                     0x00000000   Number         0  stubs.o ABSOLUTE
    _printf_ls                               0x00000000   Number         0  stubs.o ABSOLUTE
    _printf_mbtowc                           0x00000000   Number         0  stubs.o ABSOLUTE
    _printf_n                                0x00000000   Number         0  stubs.o ABSOLUTE
    _printf_o                                0x00000000   Number         0  stubs.o ABSOLUTE
    _printf_p                                0x00000000   Number         0  stubs.o ABSOLUTE
    _printf_percent                          0x00000000   Number         0  stubs.o ABSOLUTE
    _printf_pre_padding                      0x00000000   Number         0  stubs.o ABSOLUTE
    _printf_return_value                     0x00000000   Number         0  stubs.o ABSOLUTE
    _printf_s                                0x00000000   Number         0  stubs.o ABSOLUTE
    _printf_sizespec                         0x00000000   Number         0  stubs.o ABSOLUTE
    _printf_str                              0x00000000   Number         0  stubs.o ABSOLUTE
    _printf_truncate_signed                  0x00000000   Number         0  stubs.o ABSOLUTE
    _printf_truncate_unsigned                0x00000000   Number         0  stubs.o ABSOLUTE
    _printf_u                                0x00000000   Number         0  stubs.o ABSOLUTE
    _printf_wc                               0x00000000   Number         0  stubs.o ABSOLUTE
    _printf_wctomb                           0x00000000   Number         0  stubs.o ABSOLUTE
    _printf_widthprec                        0x00000000   Number         0  stubs.o ABSOLUTE
    _printf_x                                0x00000000   Number         0  stubs.o ABSOLUTE
    __cpp_initialize__aeabi_                  - Undefined Weak Reference
    __cxa_finalize                            - Undefined Weak Reference
    __decompress                              - Undefined Weak Reference
    _clock_init                               - Undefined Weak Reference
    _microlib_exit                            - Undefined Weak Reference
    __Vectors_Size                           0x000000b0   Number         0  startup_stm32f030x6.o ABSOLUTE
    __Vectors                                0x08000000   Data           4  startup_stm32f030x6.o(RESET)
    __Vectors_End                            0x080000b0   Data           0  startup_stm32f030x6.o(RESET)
    __main                                   0x080000b1   Thumb Code     0  entry.o(.ARM.Collect$$$$00000000)
    _main_stk                                0x080000b1   Thumb Code     0  entry2.o(.ARM.Collect$$$$00000001)
    _main_scatterload                        0x080000b5   Thumb Code     0  entry5.o(.ARM.Collect$$$$00000004)
    __main_after_scatterload                 0x080000b9   Thumb Code     0  entry5.o(.ARM.Collect$$$$00000004)
    _main_clock                              0x080000b9   Thumb Code     0  entry7b.o(.ARM.Collect$$$$00000008)
    _main_cpp_init                           0x080000b9   Thumb Code     0  entry8b.o(.ARM.Collect$$$$0000000A)
    _main_init                               0x080000b9   Thumb Code     0  entry9a.o(.ARM.Collect$$$$0000000B)
    __rt_final_cpp                           0x080000c1   Thumb Code     0  entry10a.o(.ARM.Collect$$$$0000000D)
    __rt_final_exit                          0x080000c1   Thumb Code     0  entry11a.o(.ARM.Collect$$$$0000000F)
    Reset_Handler                            0x080000c5   Thumb Code     8  startup_stm32f030x6.o(.text)
    ADC1_IRQHandler                          0x080000d7   Thumb Code     0  startup_stm32f030x6.o(.text)
    DMA1_Channel2_3_IRQHandler               0x080000d7   Thumb Code     0  startup_stm32f030x6.o(.text)
    DMA1_Channel4_5_IRQHandler               0x080000d7   Thumb Code     0  startup_stm32f030x6.o(.text)
    EXTI0_1_IRQHandler                       0x080000d7   Thumb Code     0  startup_stm32f030x6.o(.text)
    EXTI2_3_IRQHandler                       0x080000d7   Thumb Code     0  startup_stm32f030x6.o(.text)
    EXTI4_15_IRQHandler                      0x080000d7   Thumb Code     0  startup_stm32f030x6.o(.text)
    FLASH_IRQHandler                         0x080000d7   Thumb Code     0  startup_stm32f030x6.o(.text)
    I2C1_IRQHandler                          0x080000d7   Thumb Code     0  startup_stm32f030x6.o(.text)
    RCC_IRQHandler                           0x080000d7   Thumb Code     0  startup_stm32f030x6.o(.text)
    RTC_IRQHandler                           0x080000d7   Thumb Code     0  startup_stm32f030x6.o(.text)
    SPI1_IRQHandler                          0x080000d7   Thumb Code     0  startup_stm32f030x6.o(.text)
    TIM14_IRQHandler                         0x080000d7   Thumb Code     0  startup_stm32f030x6.o(.text)
    TIM16_IRQHandler                         0x080000d7   Thumb Code     0  startup_stm32f030x6.o(.text)
    TIM17_IRQHandler                         0x080000d7   Thumb Code     0  startup_stm32f030x6.o(.text)
    TIM1_BRK_UP_TRG_COM_IRQHandler           0x080000d7   Thumb Code     0  startup_stm32f030x6.o(.text)
    TIM1_CC_IRQHandler                       0x080000d7   Thumb Code     0  startup_stm32f030x6.o(.text)
    USART1_IRQHandler                        0x080000d7   Thumb Code     0  startup_stm32f030x6.o(.text)
    WWDG_IRQHandler                          0x080000d7   Thumb Code     0  startup_stm32f030x6.o(.text)
    __aeabi_uidiv                            0x080000e1   Thumb Code     0  uidiv.o(.text)
    __aeabi_uidivmod                         0x080000e1   Thumb Code    44  uidiv.o(.text)
    __aeabi_ldivmod                          0x0800010d   Thumb Code    76  ldiv.o(.text)
    __aeabi_lmul                             0x08000159   Thumb Code   122  llmul.o(.text)
    _ll_mul                                  0x08000159   Thumb Code     0  llmul.o(.text)
    __aeabi_llsr                             0x080001d3   Thumb Code    34  llushr.o(.text)
    _ll_ushift_r                             0x080001d3   Thumb Code     0  llushr.o(.text)
    __aeabi_dadd                             0x080001f5   Thumb Code   328  dadd.o(.text)
    __aeabi_dsub                             0x0800033d   Thumb Code    12  dadd.o(.text)
    __aeabi_drsub                            0x08000349   Thumb Code    12  dadd.o(.text)
    __aeabi_dmul                             0x08000359   Thumb Code   202  dmul.o(.text)
    __aeabi_ddiv                             0x08000429   Thumb Code   234  ddiv.o(.text)
    __aeabi_ui2d                             0x08000519   Thumb Code    24  dfltui.o(.text)
    __aeabi_l2d                              0x08000535   Thumb Code    38  dfltl.o(.text)
    __aeabi_f2d                              0x08000561   Thumb Code    40  f2d.o(.text)
    __aeabi_d2f                              0x08000589   Thumb Code    56  d2f.o(.text)
    __aeabi_uldivmod                         0x080005c1   Thumb Code    96  uldiv.o(.text)
    __aeabi_llsl                             0x08000621   Thumb Code    32  llshl.o(.text)
    _ll_shift_l                              0x08000621   Thumb Code     0  llshl.o(.text)
    __aeabi_lasr                             0x08000641   Thumb Code    38  llsshr.o(.text)
    _ll_sshift_r                             0x08000641   Thumb Code     0  llsshr.o(.text)
    __I$use$fp                               0x08000667   Thumb Code     0  iusefp.o(.text)
    _float_round                             0x08000667   Thumb Code    16  fepilogue.o(.text)
    _float_epilogue                          0x08000677   Thumb Code   114  fepilogue.o(.text)
    _double_round                            0x080006e9   Thumb Code    26  depilogue.o(.text)
    _double_epilogue                         0x08000703   Thumb Code   164  depilogue.o(.text)
    __aeabi_d2ulz                            0x080007a9   Thumb Code    54  dfixul.o(.text)
    __aeabi_cdrcmple                         0x080007e9   Thumb Code    38  cdrcmple.o(.text)
    __scatterload                            0x08000811   Thumb Code    28  init.o(.text)
    __scatterload_rt2                        0x08000811   Thumb Code     0  init.o(.text)
    DMA1_Channel1_IRQHandler                 0x08000949   Thumb Code    10  stm32f0xx_it.o(i.DMA1_Channel1_IRQHandler)
    Error_Handler                            0x08000977   Thumb Code     2  main.o(i.Error_Handler)
    HAL_ADC_ConfigChannel                    0x08000979   Thumb Code   254  stm32f0xx_hal_adc.o(i.HAL_ADC_ConfigChannel)
    HAL_ADC_ConvCpltCallback                 0x08000a89   Thumb Code     2  stm32f0xx_hal_adc.o(i.HAL_ADC_ConvCpltCallback)
    HAL_ADC_ConvHalfCpltCallback             0x08000a8b   Thumb Code     2  stm32f0xx_hal_adc.o(i.HAL_ADC_ConvHalfCpltCallback)
    HAL_ADC_ErrorCallback                    0x08000a8d   Thumb Code     2  stm32f0xx_hal_adc.o(i.HAL_ADC_ErrorCallback)
    HAL_ADC_Init                             0x08000a91   Thumb Code   362  stm32f0xx_hal_adc.o(i.HAL_ADC_Init)
    HAL_ADC_MspInit                          0x08000c05   Thumb Code    98  adc.o(i.HAL_ADC_MspInit)
    HAL_ADC_Start_DMA                        0x08000c79   Thumb Code   144  stm32f0xx_hal_adc.o(i.HAL_ADC_Start_DMA)
    HAL_DMA_IRQHandler                       0x08000d19   Thumb Code   470  stm32f0xx_hal_dma.o(i.HAL_DMA_IRQHandler)
    HAL_DMA_Init                             0x08000ef5   Thumb Code    78  stm32f0xx_hal_dma.o(i.HAL_DMA_Init)
    HAL_DMA_Start_IT                         0x08000f49   Thumb Code    78  stm32f0xx_hal_dma.o(i.HAL_DMA_Start_IT)
    HAL_Delay                                0x08000f97   Thumb Code    22  stm32f0xx_hal.o(i.HAL_Delay)
    HAL_GPIO_Init                            0x08000fad   Thumb Code   302  stm32f0xx_hal_gpio.o(i.HAL_GPIO_Init)
    HAL_GPIO_WritePin                        0x080010f5   Thumb Code    12  stm32f0xx_hal_gpio.o(i.HAL_GPIO_WritePin)
    HAL_GetTick                              0x08001101   Thumb Code     6  stm32f0xx_hal.o(i.HAL_GetTick)
    HAL_I2CEx_EnableFastModePlus             0x0800110d   Thumb Code    28  stm32f0xx_hal_i2c_ex.o(i.HAL_I2CEx_EnableFastModePlus)
    HAL_IncTick                              0x08001131   Thumb Code    10  stm32f0xx_hal.o(i.HAL_IncTick)
    HAL_Init                                 0x08001141   Thumb Code    26  stm32f0xx_hal.o(i.HAL_Init)
    HAL_InitTick                             0x08001161   Thumb Code    34  stm32f0xx_hal.o(i.HAL_InitTick)
    HAL_MspInit                              0x08001185   Thumb Code    50  stm32f0xx_hal_msp.o(i.HAL_MspInit)
    HAL_NVIC_EnableIRQ                       0x080011bd   Thumb Code    14  stm32f0xx_hal_cortex.o(i.HAL_NVIC_EnableIRQ)
    HAL_NVIC_SetPriority                     0x080011d1   Thumb Code     8  stm32f0xx_hal_cortex.o(i.HAL_NVIC_SetPriority)
    HAL_RCCEx_PeriphCLKConfig                0x080011d9   Thumb Code   218  stm32f0xx_hal_rcc_ex.o(i.HAL_RCCEx_PeriphCLKConfig)
    HAL_RCC_ClockConfig                      0x080012c1   Thumb Code   280  stm32f0xx_hal_rcc.o(i.HAL_RCC_ClockConfig)
    HAL_RCC_GetHCLKFreq                      0x080013ed   Thumb Code     6  stm32f0xx_hal_rcc.o(i.HAL_RCC_GetHCLKFreq)
    HAL_RCC_GetPCLK1Freq                     0x080013f9   Thumb Code    20  stm32f0xx_hal_rcc.o(i.HAL_RCC_GetPCLK1Freq)
    HAL_RCC_GetSysClockFreq                  0x08001419   Thumb Code    80  stm32f0xx_hal_rcc.o(i.HAL_RCC_GetSysClockFreq)
    HAL_RCC_OscConfig                        0x08001499   Thumb Code   840  stm32f0xx_hal_rcc.o(i.HAL_RCC_OscConfig)
    HAL_SYSTICK_CLKSourceConfig              0x080017ed   Thumb Code    20  stm32f0xx_hal_cortex.o(i.HAL_SYSTICK_CLKSourceConfig)
    HAL_SYSTICK_Callback                     0x08001805   Thumb Code     2  stm32f0xx_hal_cortex.o(i.HAL_SYSTICK_Callback)
    HAL_SYSTICK_Config                       0x08001809   Thumb Code    38  stm32f0xx_hal_cortex.o(i.HAL_SYSTICK_Config)
    HAL_SYSTICK_IRQHandler                   0x08001839   Thumb Code     8  stm32f0xx_hal_cortex.o(i.HAL_SYSTICK_IRQHandler)
    HAL_TIMEx_BreakCallback                  0x08001841   Thumb Code     2  stm32f0xx_hal_tim_ex.o(i.HAL_TIMEx_BreakCallback)
    HAL_TIMEx_CommutationCallback            0x08001843   Thumb Code     2  stm32f0xx_hal_tim_ex.o(i.HAL_TIMEx_CommutationCallback)
    HAL_TIMEx_MasterConfigSynchronization    0x08001845   Thumb Code    72  stm32f0xx_hal_tim_ex.o(i.HAL_TIMEx_MasterConfigSynchronization)
    HAL_TIM_Base_Init                        0x0800188d   Thumb Code    52  stm32f0xx_hal_tim.o(i.HAL_TIM_Base_Init)
    HAL_TIM_Base_MspInit                     0x080018c1   Thumb Code    96  tim.o(i.HAL_TIM_Base_MspInit)
    HAL_TIM_ConfigClockSource                0x0800192d   Thumb Code   238  stm32f0xx_hal_tim.o(i.HAL_TIM_ConfigClockSource)
    HAL_TIM_IC_CaptureCallback               0x08001a1d   Thumb Code   118  main.o(i.HAL_TIM_IC_CaptureCallback)
    HAL_TIM_IC_ConfigChannel                 0x08001aa5   Thumb Code   288  stm32f0xx_hal_tim.o(i.HAL_TIM_IC_ConfigChannel)
    HAL_TIM_IC_Init                          0x08001bc5   Thumb Code    52  stm32f0xx_hal_tim.o(i.HAL_TIM_IC_Init)
    HAL_TIM_IC_MspInit                       0x08001bf9   Thumb Code     2  stm32f0xx_hal_tim.o(i.HAL_TIM_IC_MspInit)
    HAL_TIM_IC_Start_IT                      0x08001bfb   Thumb Code    72  stm32f0xx_hal_tim.o(i.HAL_TIM_IC_Start_IT)
    HAL_TIM_IRQHandler                       0x08001c43   Thumb Code   354  stm32f0xx_hal_tim.o(i.HAL_TIM_IRQHandler)
    HAL_TIM_MspPostInit                      0x08001da5   Thumb Code    44  tim.o(i.HAL_TIM_MspPostInit)
    HAL_TIM_OC_DelayElapsedCallback          0x08001dd5   Thumb Code     2  stm32f0xx_hal_tim.o(i.HAL_TIM_OC_DelayElapsedCallback)
    HAL_TIM_PWM_ConfigChannel                0x08001dd7   Thumb Code   208  stm32f0xx_hal_tim.o(i.HAL_TIM_PWM_ConfigChannel)
    HAL_TIM_PWM_Init                         0x08001ea7   Thumb Code    52  stm32f0xx_hal_tim.o(i.HAL_TIM_PWM_Init)
    HAL_TIM_PWM_MspInit                      0x08001edb   Thumb Code     2  stm32f0xx_hal_tim.o(i.HAL_TIM_PWM_MspInit)
    HAL_TIM_PWM_PulseFinishedCallback        0x08001edd   Thumb Code     2  stm32f0xx_hal_tim.o(i.HAL_TIM_PWM_PulseFinishedCallback)
    HAL_TIM_PWM_Start                        0x08001ee1   Thumb Code    56  stm32f0xx_hal_tim.o(i.HAL_TIM_PWM_Start)
    HAL_TIM_PeriodElapsedCallback            0x08001f25   Thumb Code    36  main.o(i.HAL_TIM_PeriodElapsedCallback)
    HAL_TIM_ReadCapturedValue                0x08001f51   Thumb Code    70  stm32f0xx_hal_tim.o(i.HAL_TIM_ReadCapturedValue)
    HAL_TIM_TriggerCallback                  0x08001f97   Thumb Code     2  stm32f0xx_hal_tim.o(i.HAL_TIM_TriggerCallback)
    HAL_UART_Init                            0x08001f99   Thumb Code   108  stm32f0xx_hal_uart.o(i.HAL_UART_Init)
    HAL_UART_MspInit                         0x08002005   Thumb Code    62  usart.o(i.HAL_UART_MspInit)
    HAL_UART_Transmit                        0x0800204d   Thumb Code   176  stm32f0xx_hal_uart.o(i.HAL_UART_Transmit)
    HardFault_Handler                        0x080020fd   Thumb Code     2  stm32f0xx_it.o(i.HardFault_Handler)
    IIC_Start                                0x080020ff   Thumb Code    52  oled.o(i.IIC_Start)
    IIC_Stop                                 0x08002133   Thumb Code    42  oled.o(i.IIC_Stop)
    IIC_Wait_Ack                             0x0800215d   Thumb Code    30  oled.o(i.IIC_Wait_Ack)
    MX_ADC_Init                              0x0800217d   Thumb Code    96  adc.o(i.MX_ADC_Init)
    MX_DMA_Init                              0x080021e5   Thumb Code    36  dma.o(i.MX_DMA_Init)
    MX_GPIO_Init                             0x0800220d   Thumb Code    92  gpio.o(i.MX_GPIO_Init)
    MX_TIM14_Init                            0x0800226d   Thumb Code    86  tim.o(i.MX_TIM14_Init)
    MX_TIM3_Init                             0x080022d1   Thumb Code   124  tim.o(i.MX_TIM3_Init)
    MX_USART1_UART_Init                      0x08002359   Thumb Code    48  usart.o(i.MX_USART1_UART_Init)
    NMI_Handler                              0x08002391   Thumb Code     2  stm32f0xx_it.o(i.NMI_Handler)
    OLED_Clear                               0x080023d9   Thumb Code    58  oled.o(i.OLED_Clear)
    OLED_Init                                0x08002413   Thumb Code   198  oled.o(i.OLED_Init)
    OLED_Set_Pos                             0x080024d9   Thumb Code    38  oled.o(i.OLED_Set_Pos)
    OLED_ShowChar                            0x08002501   Thumb Code   126  oled.o(i.OLED_ShowChar)
    OLED_ShowNum                             0x08002585   Thumb Code   108  oled.o(i.OLED_ShowNum)
    OLED_ShowString                          0x080025f1   Thumb Code    52  oled.o(i.OLED_ShowString)
    OLED_WR_Byte                             0x08002625   Thumb Code    22  oled.o(i.OLED_WR_Byte)
    PendSV_Handler                           0x0800263b   Thumb Code     2  stm32f0xx_it.o(i.PendSV_Handler)
    SVC_Handler                              0x0800263d   Thumb Code     2  stm32f0xx_it.o(i.SVC_Handler)
    SysTick_Handler                          0x0800263f   Thumb Code    12  stm32f0xx_it.o(i.SysTick_Handler)
    SystemClock_Config                       0x0800264b   Thumb Code   124  main.o(i.SystemClock_Config)
    SystemInit                               0x080026c9   Thumb Code    78  system_stm32f0xx.o(i.SystemInit)
    TIM3_IRQHandler                          0x08002725   Thumb Code    10  stm32f0xx_it.o(i.TIM3_IRQHandler)
    TIM_Base_SetConfig                       0x08002735   Thumb Code    94  stm32f0xx_hal_tim.o(i.TIM_Base_SetConfig)
    TIM_CCxChannelCmd                        0x080027a9   Thumb Code    22  stm32f0xx_hal_tim.o(i.TIM_CCxChannelCmd)
    TIM_ETR_SetConfig                        0x080027bf   Thumb Code    22  stm32f0xx_hal_tim.o(i.TIM_ETR_SetConfig)
    TIM_OC2_SetConfig                        0x0800285d   Thumb Code   104  stm32f0xx_hal_tim.o(i.TIM_OC2_SetConfig)
    TIM_TI1_SetConfig                        0x080029cd   Thumb Code    60  stm32f0xx_hal_tim.o(i.TIM_TI1_SetConfig)
    UART_AdvFeatureConfig                    0x08002a6b   Thumb Code   202  stm32f0xx_hal_uart.o(i.UART_AdvFeatureConfig)
    UART_CheckIdleState                      0x08002b35   Thumb Code    18  stm32f0xx_hal_uart.o(i.UART_CheckIdleState)
    UART_SetConfig                           0x08002b49   Thumb Code   258  stm32f0xx_hal_uart.o(i.UART_SetConfig)
    UART_WaitOnFlagUntilTimeout              0x08002c5d   Thumb Code   178  stm32f0xx_hal_uart.o(i.UART_WaitOnFlagUntilTimeout)
    User_PWM_SetValue                        0x08002d11   Thumb Code    44  tim.o(i.User_PWM_SetValue)
    Write_IIC_Byte                           0x08002d41   Thumb Code    82  oled.o(i.Write_IIC_Byte)
    Write_IIC_Command                        0x08002d93   Thumb Code    44  oled.o(i.Write_IIC_Command)
    Write_IIC_Data                           0x08002dbf   Thumb Code    44  oled.o(i.Write_IIC_Data)
    __0printf                                0x08002ded   Thumb Code    24  printfa.o(i.__0printf)
    __1printf                                0x08002ded   Thumb Code     0  printfa.o(i.__0printf)
    __2printf                                0x08002ded   Thumb Code     0  printfa.o(i.__0printf)
    __c89printf                              0x08002ded   Thumb Code     0  printfa.o(i.__0printf)
    printf                                   0x08002ded   Thumb Code     0  printfa.o(i.__0printf)
    __ARM_clz                                0x08002e0d   Thumb Code    46  depilogue.o(i.__ARM_clz)
    __scatterload_copy                       0x08002e3b   Thumb Code    14  handlers.o(i.__scatterload_copy)
    __scatterload_null                       0x08002e49   Thumb Code     2  handlers.o(i.__scatterload_null)
    __scatterload_zeroinit                   0x08002e4b   Thumb Code    14  handlers.o(i.__scatterload_zeroinit)
    fputc                                    0x080036e9   Thumb Code    18  usart.o(i.fputc)
    main                                     0x08003705   Thumb Code   424  main.o(i.main)
    oled_pow                                 0x08003911   Thumb Code    20  oled.o(i.oled_pow)
    AHBPrescTable                            0x08003924   Data          16  system_stm32f0xx.o(.constdata)
    APBPrescTable                            0x08003934   Data           8  system_stm32f0xx.o(.constdata)
    F6x8                                     0x0800393c   Data           6  oled.o(.constdata)
    F8X16                                    0x08003942   Data        1520  oled.o(.constdata)
    Region$$Table$$Base                      0x08003f34   Number         0  anon$$obj.o(Region$$Table)
    Region$$Table$$Limit                     0x08003f54   Number         0  anon$$obj.o(Region$$Table)
    SystemCoreClock                          0x20000000   Data           4  system_stm32f0xx.o(.data)
    uwTick                                   0x20000004   Data           4  stm32f0xx_hal.o(.data)
    TIM3CH1_CAPTURE_STA                      0x20000008   Data           1  main.o(.data)
    TIM3CH1_CAPTURE_VAL                      0x2000000c   Data           4  main.o(.data)
    __stdout                                 0x20000010   Data           4  stdout.o(.data)
    ADC_Value                                0x20000014   Data         400  main.o(.bss)
    huart1                                   0x200001a4   Data         112  usart.o(.bss)
    hadc                                     0x20000214   Data          76  adc.o(.bss)
    hdma_adc                                 0x20000260   Data          60  adc.o(.bss)
    htim3                                    0x2000029c   Data          60  tim.o(.bss)
    htim14                                   0x200002d8   Data          60  tim.o(.bss)
    __initial_sp                             0x20000718   Data           0  startup_stm32f030x6.o(STACK)



==============================================================================

Memory Map of the image

  Image Entry point : 0x080000b1

  Load Region LR_IROM1 (Base: 0x08000000, Size: 0x00003f68, Max: 0x00004000, ABSOLUTE)

    Execution Region ER_IROM1 (Base: 0x08000000, Size: 0x00003f54, Max: 0x00004000, ABSOLUTE)

    Base Addr    Size         Type   Attr      Idx    E Section Name        Object

    0x08000000   0x000000b0   Data   RO            3    RESET               startup_stm32f030x6.o
    0x080000b0   0x00000000   Code   RO         3160  * .ARM.Collect$$$$00000000  mc_p.l(entry.o)
    0x080000b0   0x00000004   Code   RO         3448    .ARM.Collect$$$$00000001  mc_p.l(entry2.o)
    0x080000b4   0x00000004   Code   RO         3451    .ARM.Collect$$$$00000004  mc_p.l(entry5.o)
    0x080000b8   0x00000000   Code   RO         3453    .ARM.Collect$$$$00000008  mc_p.l(entry7b.o)
    0x080000b8   0x00000000   Code   RO         3455    .ARM.Collect$$$$0000000A  mc_p.l(entry8b.o)
    0x080000b8   0x00000008   Code   RO         3456    .ARM.Collect$$$$0000000B  mc_p.l(entry9a.o)
    0x080000c0   0x00000000   Code   RO         3458    .ARM.Collect$$$$0000000D  mc_p.l(entry10a.o)
    0x080000c0   0x00000000   Code   RO         3460    .ARM.Collect$$$$0000000F  mc_p.l(entry11a.o)
    0x080000c0   0x00000004   Code   RO         3449    .ARM.Collect$$$$00002712  mc_p.l(entry2.o)
    0x080000c4   0x0000001c   Code   RO            4    .text               startup_stm32f030x6.o
    0x080000e0   0x0000002c   Code   RO         3163    .text               mc_p.l(uidiv.o)
    0x0800010c   0x0000004c   Code   RO         3165    .text               mc_p.l(ldiv.o)
    0x08000158   0x0000007a   Code   RO         3167    .text               mc_p.l(llmul.o)
    0x080001d2   0x00000022   Code   RO         3169    .text               mc_p.l(llushr.o)
    0x080001f4   0x00000164   Code   RO         3434    .text               mf_p.l(dadd.o)
    0x08000358   0x000000d0   Code   RO         3436    .text               mf_p.l(dmul.o)
    0x08000428   0x000000f0   Code   RO         3438    .text               mf_p.l(ddiv.o)
    0x08000518   0x0000001c   Code   RO         3440    .text               mf_p.l(dfltui.o)
    0x08000534   0x0000002c   Code   RO         3442    .text               mf_p.l(dfltl.o)
    0x08000560   0x00000028   Code   RO         3444    .text               mf_p.l(f2d.o)
    0x08000588   0x00000038   Code   RO         3446    .text               mf_p.l(d2f.o)
    0x080005c0   0x00000060   Code   RO         3463    .text               mc_p.l(uldiv.o)
    0x08000620   0x00000020   Code   RO         3465    .text               mc_p.l(llshl.o)
    0x08000640   0x00000026   Code   RO         3467    .text               mc_p.l(llsshr.o)
    0x08000666   0x00000000   Code   RO         3469    .text               mc_p.l(iusefp.o)
    0x08000666   0x00000082   Code   RO         3470    .text               mf_p.l(fepilogue.o)
    0x080006e8   0x000000be   Code   RO         3472    .text               mf_p.l(depilogue.o)
    0x080007a6   0x00000002   PAD
    0x080007a8   0x00000040   Code   RO         3476    .text               mf_p.l(dfixul.o)
    0x080007e8   0x00000028   Code   RO         3478    .text               mf_p.l(cdrcmple.o)
    0x08000810   0x00000024   Code   RO         3480    .text               mc_p.l(init.o)
    0x08000834   0x0000006c   Code   RO         2517    i.ADC_DMAConvCplt   stm32f0xx_hal_adc.o
    0x080008a0   0x0000001a   Code   RO         2518    i.ADC_DMAError      stm32f0xx_hal_adc.o
    0x080008ba   0x0000000a   Code   RO         2519    i.ADC_DMAHalfConvCplt  stm32f0xx_hal_adc.o
    0x080008c4   0x00000084   Code   RO         2521    i.ADC_Enable        stm32f0xx_hal_adc.o
    0x08000948   0x00000010   Code   RO         2692    i.DMA1_Channel1_IRQHandler  stm32f0xx_it.o
    0x08000958   0x0000001e   Code   RO          144    i.DMA_SetConfig     stm32f0xx_hal_dma.o
    0x08000976   0x00000002   Code   RO         2752    i.Error_Handler     main.o
    0x08000978   0x00000110   Code   RO         2523    i.HAL_ADC_ConfigChannel  stm32f0xx_hal_adc.o
    0x08000a88   0x00000002   Code   RO         2524    i.HAL_ADC_ConvCpltCallback  stm32f0xx_hal_adc.o
    0x08000a8a   0x00000002   Code   RO         2525    i.HAL_ADC_ConvHalfCpltCallback  stm32f0xx_hal_adc.o
    0x08000a8c   0x00000002   Code   RO         2527    i.HAL_ADC_ErrorCallback  stm32f0xx_hal_adc.o
    0x08000a8e   0x00000002   PAD
    0x08000a90   0x00000174   Code   RO         2532    i.HAL_ADC_Init      stm32f0xx_hal_adc.o
    0x08000c04   0x00000074   Code   RO         2910    i.HAL_ADC_MspInit   adc.o
    0x08000c78   0x000000a0   Code   RO         2539    i.HAL_ADC_Start_DMA  stm32f0xx_hal_adc.o
    0x08000d18   0x000001dc   Code   RO          150    i.HAL_DMA_IRQHandler  stm32f0xx_hal_dma.o
    0x08000ef4   0x00000054   Code   RO          151    i.HAL_DMA_Init      stm32f0xx_hal_dma.o
    0x08000f48   0x0000004e   Code   RO          154    i.HAL_DMA_Start_IT  stm32f0xx_hal_dma.o
    0x08000f96   0x00000016   Code   RO          317    i.HAL_Delay         stm32f0xx_hal.o
    0x08000fac   0x00000148   Code   RO         1461    i.HAL_GPIO_Init     stm32f0xx_hal_gpio.o
    0x080010f4   0x0000000c   Code   RO         1465    i.HAL_GPIO_WritePin  stm32f0xx_hal_gpio.o
    0x08001100   0x0000000c   Code   RO          321    i.HAL_GetTick       stm32f0xx_hal.o
    0x0800110c   0x00000024   Code   RO          466    i.HAL_I2CEx_EnableFastModePlus  stm32f0xx_hal_i2c_ex.o
    0x08001130   0x00000010   Code   RO          322    i.HAL_IncTick       stm32f0xx_hal.o
    0x08001140   0x00000020   Code   RO          323    i.HAL_Init          stm32f0xx_hal.o
    0x08001160   0x00000022   Code   RO          324    i.HAL_InitTick      stm32f0xx_hal.o
    0x08001182   0x00000002   PAD
    0x08001184   0x00000038   Code   RO         2889    i.HAL_MspInit       stm32f0xx_hal_msp.o
    0x080011bc   0x00000014   Code   RO          916    i.HAL_NVIC_EnableIRQ  stm32f0xx_hal_cortex.o
    0x080011d0   0x00000008   Code   RO          920    i.HAL_NVIC_SetPriority  stm32f0xx_hal_cortex.o
    0x080011d8   0x000000e8   Code   RO          433    i.HAL_RCCEx_PeriphCLKConfig  stm32f0xx_hal_rcc_ex.o
    0x080012c0   0x0000012c   Code   RO          502    i.HAL_RCC_ClockConfig  stm32f0xx_hal_rcc.o
    0x080013ec   0x0000000c   Code   RO          507    i.HAL_RCC_GetHCLKFreq  stm32f0xx_hal_rcc.o
    0x080013f8   0x00000020   Code   RO          509    i.HAL_RCC_GetPCLK1Freq  stm32f0xx_hal_rcc.o
    0x08001418   0x00000080   Code   RO          510    i.HAL_RCC_GetSysClockFreq  stm32f0xx_hal_rcc.o
    0x08001498   0x00000354   Code   RO          513    i.HAL_RCC_OscConfig  stm32f0xx_hal_rcc.o
    0x080017ec   0x00000018   Code   RO          922    i.HAL_SYSTICK_CLKSourceConfig  stm32f0xx_hal_cortex.o
    0x08001804   0x00000002   Code   RO          923    i.HAL_SYSTICK_Callback  stm32f0xx_hal_cortex.o
    0x08001806   0x00000002   PAD
    0x08001808   0x00000030   Code   RO          924    i.HAL_SYSTICK_Config  stm32f0xx_hal_cortex.o
    0x08001838   0x00000008   Code   RO          925    i.HAL_SYSTICK_IRQHandler  stm32f0xx_hal_cortex.o
    0x08001840   0x00000002   Code   RO          593    i.HAL_TIMEx_BreakCallback  stm32f0xx_hal_tim_ex.o
    0x08001842   0x00000002   Code   RO          594    i.HAL_TIMEx_CommutationCallback  stm32f0xx_hal_tim_ex.o
    0x08001844   0x00000048   Code   RO          610    i.HAL_TIMEx_MasterConfigSynchronization  stm32f0xx_hal_tim_ex.o
    0x0800188c   0x00000034   Code   RO         1522    i.HAL_TIM_Base_Init  stm32f0xx_hal_tim.o
    0x080018c0   0x0000006c   Code   RO         3107    i.HAL_TIM_Base_MspInit  tim.o
    0x0800192c   0x000000ee   Code   RO         1531    i.HAL_TIM_ConfigClockSource  stm32f0xx_hal_tim.o
    0x08001a1a   0x00000002   PAD
    0x08001a1c   0x00000088   Code   RO         2753    i.HAL_TIM_IC_CaptureCallback  main.o
    0x08001aa4   0x00000120   Code   RO         1552    i.HAL_TIM_IC_ConfigChannel  stm32f0xx_hal_tim.o
    0x08001bc4   0x00000034   Code   RO         1555    i.HAL_TIM_IC_Init   stm32f0xx_hal_tim.o
    0x08001bf8   0x00000002   Code   RO         1557    i.HAL_TIM_IC_MspInit  stm32f0xx_hal_tim.o
    0x08001bfa   0x00000048   Code   RO         1560    i.HAL_TIM_IC_Start_IT  stm32f0xx_hal_tim.o
    0x08001c42   0x00000162   Code   RO         1564    i.HAL_TIM_IRQHandler  stm32f0xx_hal_tim.o
    0x08001da4   0x00000030   Code   RO         3108    i.HAL_TIM_MspPostInit  tim.o
    0x08001dd4   0x00000002   Code   RO         1567    i.HAL_TIM_OC_DelayElapsedCallback  stm32f0xx_hal_tim.o
    0x08001dd6   0x000000d0   Code   RO         1588    i.HAL_TIM_PWM_ConfigChannel  stm32f0xx_hal_tim.o
    0x08001ea6   0x00000034   Code   RO         1591    i.HAL_TIM_PWM_Init  stm32f0xx_hal_tim.o
    0x08001eda   0x00000002   Code   RO         1593    i.HAL_TIM_PWM_MspInit  stm32f0xx_hal_tim.o
    0x08001edc   0x00000002   Code   RO         1594    i.HAL_TIM_PWM_PulseFinishedCallback  stm32f0xx_hal_tim.o
    0x08001ede   0x00000002   PAD
    0x08001ee0   0x00000044   Code   RO         1595    i.HAL_TIM_PWM_Start  stm32f0xx_hal_tim.o
    0x08001f24   0x0000002c   Code   RO         2754    i.HAL_TIM_PeriodElapsedCallback  main.o
    0x08001f50   0x00000046   Code   RO         1602    i.HAL_TIM_ReadCapturedValue  stm32f0xx_hal_tim.o
    0x08001f96   0x00000002   Code   RO         1605    i.HAL_TIM_TriggerCallback  stm32f0xx_hal_tim.o
    0x08001f98   0x0000006c   Code   RO         2164    i.HAL_UART_Init     stm32f0xx_hal_uart.o
    0x08002004   0x00000048   Code   RO         2826    i.HAL_UART_MspInit  usart.o
    0x0800204c   0x000000b0   Code   RO         2172    i.HAL_UART_Transmit  stm32f0xx_hal_uart.o
    0x080020fc   0x00000002   Code   RO         2693    i.HardFault_Handler  stm32f0xx_it.o
    0x080020fe   0x00000034   Code   RO         2967    i.IIC_Start         oled.o
    0x08002132   0x0000002a   Code   RO         2968    i.IIC_Stop          oled.o
    0x0800215c   0x0000001e   Code   RO         2969    i.IIC_Wait_Ack      oled.o
    0x0800217a   0x00000002   PAD
    0x0800217c   0x00000068   Code   RO         2911    i.MX_ADC_Init       adc.o
    0x080021e4   0x00000028   Code   RO         2947    i.MX_DMA_Init       dma.o
    0x0800220c   0x00000060   Code   RO         2869    i.MX_GPIO_Init      gpio.o
    0x0800226c   0x00000064   Code   RO         3109    i.MX_TIM14_Init     tim.o
    0x080022d0   0x00000088   Code   RO         3110    i.MX_TIM3_Init      tim.o
    0x08002358   0x00000038   Code   RO         2827    i.MX_USART1_UART_Init  usart.o
    0x08002390   0x00000002   Code   RO         2694    i.NMI_Handler       stm32f0xx_it.o
    0x08002392   0x00000002   PAD
    0x08002394   0x00000044   Code   RO          926    i.NVIC_SetPriority  stm32f0xx_hal_cortex.o
    0x080023d8   0x0000003a   Code   RO         2970    i.OLED_Clear        oled.o
    0x08002412   0x000000c6   Code   RO         2974    i.OLED_Init         oled.o
    0x080024d8   0x00000026   Code   RO         2976    i.OLED_Set_Pos      oled.o
    0x080024fe   0x00000002   PAD
    0x08002500   0x00000084   Code   RO         2978    i.OLED_ShowChar     oled.o
    0x08002584   0x0000006c   Code   RO         2979    i.OLED_ShowNum      oled.o
    0x080025f0   0x00000034   Code   RO         2980    i.OLED_ShowString   oled.o
    0x08002624   0x00000016   Code   RO         2981    i.OLED_WR_Byte      oled.o
    0x0800263a   0x00000002   Code   RO         2695    i.PendSV_Handler    stm32f0xx_it.o
    0x0800263c   0x00000002   Code   RO         2696    i.SVC_Handler       stm32f0xx_it.o
    0x0800263e   0x0000000c   Code   RO         2697    i.SysTick_Handler   stm32f0xx_it.o
    0x0800264a   0x0000007c   Code   RO         2755    i.SystemClock_Config  main.o
    0x080026c6   0x00000002   PAD
    0x080026c8   0x0000005c   Code   RO           13    i.SystemInit        system_stm32f0xx.o
    0x08002724   0x00000010   Code   RO         2698    i.TIM3_IRQHandler   stm32f0xx_it.o
    0x08002734   0x00000074   Code   RO         1606    i.TIM_Base_SetConfig  stm32f0xx_hal_tim.o
    0x080027a8   0x00000016   Code   RO         1607    i.TIM_CCxChannelCmd  stm32f0xx_hal_tim.o
    0x080027be   0x00000016   Code   RO         1613    i.TIM_ETR_SetConfig  stm32f0xx_hal_tim.o
    0x080027d4   0x00000010   Code   RO         1614    i.TIM_ITRx_SetConfig  stm32f0xx_hal_tim.o
    0x080027e4   0x00000078   Code   RO         1615    i.TIM_OC1_SetConfig  stm32f0xx_hal_tim.o
    0x0800285c   0x00000074   Code   RO         1616    i.TIM_OC2_SetConfig  stm32f0xx_hal_tim.o
    0x080028d0   0x00000078   Code   RO         1617    i.TIM_OC3_SetConfig  stm32f0xx_hal_tim.o
    0x08002948   0x00000060   Code   RO         1618    i.TIM_OC4_SetConfig  stm32f0xx_hal_tim.o
    0x080029a8   0x00000022   Code   RO         1620    i.TIM_TI1_ConfigInputStage  stm32f0xx_hal_tim.o
    0x080029ca   0x00000002   PAD
    0x080029cc   0x00000044   Code   RO         1621    i.TIM_TI1_SetConfig  stm32f0xx_hal_tim.o
    0x08002a10   0x00000026   Code   RO         1622    i.TIM_TI2_ConfigInputStage  stm32f0xx_hal_tim.o
    0x08002a36   0x00000034   Code   RO         1623    i.TIM_TI2_SetConfig  stm32f0xx_hal_tim.o
    0x08002a6a   0x000000ca   Code   RO         2177    i.UART_AdvFeatureConfig  stm32f0xx_hal_uart.o
    0x08002b34   0x00000012   Code   RO         2178    i.UART_CheckIdleState  stm32f0xx_hal_uart.o
    0x08002b46   0x00000002   PAD
    0x08002b48   0x00000114   Code   RO         2186    i.UART_SetConfig    stm32f0xx_hal_uart.o
    0x08002c5c   0x000000b2   Code   RO         2188    i.UART_WaitOnFlagUntilTimeout  stm32f0xx_hal_uart.o
    0x08002d0e   0x00000002   PAD
    0x08002d10   0x00000030   Code   RO         3111    i.User_PWM_SetValue  tim.o
    0x08002d40   0x00000052   Code   RO         2982    i.Write_IIC_Byte    oled.o
    0x08002d92   0x0000002c   Code   RO         2983    i.Write_IIC_Command  oled.o
    0x08002dbe   0x0000002c   Code   RO         2984    i.Write_IIC_Data    oled.o
    0x08002dea   0x00000002   PAD
    0x08002dec   0x00000020   Code   RO         3406    i.__0printf         mc_p.l(printfa.o)
    0x08002e0c   0x0000002e   Code   RO         3474    i.__ARM_clz         mf_p.l(depilogue.o)
    0x08002e3a   0x0000000e   Code   RO         3484    i.__scatterload_copy  mc_p.l(handlers.o)
    0x08002e48   0x00000002   Code   RO         3485    i.__scatterload_null  mc_p.l(handlers.o)
    0x08002e4a   0x0000000e   Code   RO         3486    i.__scatterload_zeroinit  mc_p.l(handlers.o)
    0x08002e58   0x00000158   Code   RO         3413    i._fp_digits        mc_p.l(printfa.o)
    0x08002fb0   0x000006ec   Code   RO         3414    i._printf_core      mc_p.l(printfa.o)
    0x0800369c   0x00000020   Code   RO         3415    i._printf_post_padding  mc_p.l(printfa.o)
    0x080036bc   0x0000002c   Code   RO         3416    i._printf_pre_padding  mc_p.l(printfa.o)
    0x080036e8   0x0000001c   Code   RO         2828    i.fputc             usart.o
    0x08003704   0x0000020c   Code   RO         2756    i.main              main.o
    0x08003910   0x00000014   Code   RO         2986    i.oled_pow          oled.o
    0x08003924   0x00000010   Data   RO           14    .constdata          system_stm32f0xx.o
    0x08003934   0x00000008   Data   RO           15    .constdata          system_stm32f0xx.o
    0x0800393c   0x000005f6   Data   RO         2987    .constdata          oled.o
    0x08003f32   0x00000002   PAD
    0x08003f34   0x00000020   Data   RO         3482    Region$$Table       anon$$obj.o


    Execution Region RW_IRAM1 (Base: 0x20000000, Size: 0x00000718, Max: 0x00001000, ABSOLUTE)

    Base Addr    Size         Type   Attr      Idx    E Section Name        Object

    0x20000000   0x00000004   Data   RW           16    .data               system_stm32f0xx.o
    0x20000004   0x00000004   Data   RW          329    .data               stm32f0xx_hal.o
    0x20000008   0x00000008   Data   RW         2759    .data               main.o
    0x20000010   0x00000004   Data   RW         3462    .data               mc_p.l(stdout.o)
    0x20000014   0x00000190   Zero   RW         2757    .bss                main.o
    0x200001a4   0x00000070   Zero   RW         2829    .bss                usart.o
    0x20000214   0x00000088   Zero   RW         2912    .bss                adc.o
    0x2000029c   0x00000078   Zero   RW         3112    .bss                tim.o
    0x20000314   0x00000004   PAD
    0x20000318   0x00000400   Zero   RW            1    STACK               startup_stm32f030x6.o


==============================================================================

Image component sizes


      Code (inc. data)   RO Data    RW Data    ZI Data      Debug   Object Name

       220         26          0          0        136       1620   adc.o
        40          4          0          0          0        682   dma.o
        96          4          0          0          0        823   gpio.o
       830        126          0          8        400       3878   main.o
       922          6       1526          0          0       8752   oled.o
        28          8        176          0       1024        616   startup_stm32f030x6.o
       116         18          0          4          0       3499   stm32f0xx_hal.o
      1086         56          0          0          0       7401   stm32f0xx_hal_adc.o
       178         28          0          0          0      10403   stm32f0xx_hal_cortex.o
       668         12          0          0          0       3435   stm32f0xx_hal_dma.o
       340         26          0          0          0       2276   stm32f0xx_hal_gpio.o
        36          8          0          0          0        999   stm32f0xx_hal_i2c_ex.o
        56          6          0          0          0        782   stm32f0xx_hal_msp.o
      1324         98          0          0          0       4933   stm32f0xx_hal_rcc.o
       232         14          0          0          0       1332   stm32f0xx_hal_rcc_ex.o
      2284         92          0          0          0      19225   stm32f0xx_hal_tim.o
        76          0          0          0          0       2254   stm32f0xx_hal_tim_ex.o
       958         18          0          0          0       5589   stm32f0xx_hal_uart.o
        52         12          0          0          0       2896   stm32f0xx_it.o
        92         14         24          4          0     274295   system_stm32f0xx.o
       440         46          0          0        120       3371   tim.o
       156         28          0          0        112       2006   usart.o

    ----------------------------------------------------------------------
     10256        650       1760         16       1796     361067   Object Totals
         0          0         32          0          0          0   (incl. Generated)
        26          0          2          0          4          0   (incl. Padding)

    ----------------------------------------------------------------------

      Code (inc. data)   RO Data    RW Data    ZI Data      Debug   Library Member Name

         0          0          0          0          0          0   entry.o
         0          0          0          0          0          0   entry10a.o
         0          0          0          0          0          0   entry11a.o
         8          4          0          0          0          0   entry2.o
         4          0          0          0          0          0   entry5.o
         0          0          0          0          0          0   entry7b.o
         0          0          0          0          0          0   entry8b.o
         8          4          0          0          0          0   entry9a.o
        30          0          0          0          0          0   handlers.o
        36          8          0          0          0         68   init.o
         0          0          0          0          0          0   iusefp.o
        76          0          0          0          0         76   ldiv.o
       122          0          0          0          0         84   llmul.o
        32          0          0          0          0         68   llshl.o
        38          0          0          0          0         68   llsshr.o
        34          0          0          0          0         68   llushr.o
      2224         98          0          0          0        412   printfa.o
         0          0          0          4          0          0   stdout.o
        44          0          0          0          0         72   uidiv.o
        96          0          0          0          0         84   uldiv.o
        40          2          0          0          0         68   cdrcmple.o
        56          0          0          0          0         68   d2f.o
       356          4          0          0          0        140   dadd.o
       240          6          0          0          0         84   ddiv.o
       236          0          0          0          0        216   depilogue.o
        64         10          0          0          0         68   dfixul.o
        44          6          0          0          0         72   dfltl.o
        28          4          0          0          0         68   dfltui.o
       208          6          0          0          0         88   dmul.o
        40          0          0          0          0         60   f2d.o
       130          0          0          0          0        144   fepilogue.o

    ----------------------------------------------------------------------
      4196        152          0          4          0       2076   Library Totals
         2          0          0          0          0          0   (incl. Padding)

    ----------------------------------------------------------------------

      Code (inc. data)   RO Data    RW Data    ZI Data      Debug   Library Name

      2752        114          0          4          0       1000   mc_p.l
      1442         38          0          0          0       1076   mf_p.l

    ----------------------------------------------------------------------
      4196        152          0          4          0       2076   Library Totals

    ----------------------------------------------------------------------

==============================================================================


      Code (inc. data)   RO Data    RW Data    ZI Data      Debug   

     14452        802       1760         20       1796     357523   Grand Totals
     14452        802       1760         20       1796     357523   ELF Image Totals
     14452        802       1760         20          0          0   ROM Totals

==============================================================================

    Total RO  Size (Code + RO Data)                16212 (  15.83kB)
    Total RW  Size (RW Data + ZI Data)              1816 (   1.77kB)
    Total ROM Size (Code + RO Data + RW Data)      16232 (  15.85kB)

==============================================================================

